Random number generator seed: 7
Input layer size : 4096
Starting training kernel
------------- NVBit (NVidia Binary Instrumentation Tool v1.7.6) Loaded --------------
NVBit core environment variables (mostly for nvbit-devs):
ACK_CTX_INIT_LIMITATION = 0 - if set, no warning will be printed for nvbit_at_ctx_init()
            NVDISASM = nvdisasm - override default nvdisasm found in PATH
            NOBANNER = 0 - if set, does not print this banner
       NO_EAGER_LOAD = 0 - eager module loading is turned on by NVBit to prevent potential NVBit tool deadlock, turn it off if you want to use the lazy module loading feature
---------------------------------------------------------------------------------
         INSTR_BEGIN = 0 - Beginning of the instruction interval where to apply instrumentation
           INSTR_END = 4294967295 - End of the instruction interval where to apply instrumentation
    EXCLUDE_PRED_OFF = 1 - Exclude predicated off instruction from count
      TRACE_LINEINFO = 0 - Include source code line info at the start of each traced line. The target binary must be compiled with -lineinfo or --generate-line-info
DYNAMIC_KERNEL_RANGE =  - Specify kernel IDs or ranges to trace. Format:
  - Single ID:       "2" traces only kernel 2.
  - Range:           "5-8" traces kernels 5 through 8 (inclusive).
  - Open-ended:      "10-" traces from kernel 10 onward.
  - Multiple ranges: "2 5-8 10-" (space-separated).
  - With regex:      "5-8@kernel_a.*,kernel_b.*" traces kernels 5–8 with matching names.
If unset or empty, all kernels will be traced from the beginning.
   ACTIVE_FROM_START = 1 - Start instruction tracing from start or wait for cuProfilerStart and cuProfilerStop. If set to 0, DYNAMIC_KERNEL_RANGE options have no effect
        TOOL_VERBOSE = 0 - Enable verbosity inside the tool
       TOOL_COMPRESS = 1 - Enable traces compression
     TOOL_TRACE_CORE = 0 - write the core id in the traces
TERMINATE_UPON_LIMIT = 0 - Stop the process once the current kernel > DYNAMIC_KERNEL_LIMIT_END
USER_DEFINED_FOLDERS = 0 - Uses the user defined folder TRACES_FOLDER path environment
 TRACE_FILE_COMPRESS = 1 - Create xz-compressed tracefile
ENABLE_SPINLOCK_FAST_FORWARD = 0 - Enable spinlock fast forwarding
SPINLOCK_ITER_TO_KEEP = 1 - Number of iterations to keep for spinlock fast forwarding
WARNING: Do not call CUDA memory allocation in nvbit_at_ctx_init(). It will cause deadlocks. Do them in nvbit_tool_init(). If you encounter deadlocks, remove CUDA API calls to debug.
----------------------------------------------------------------------------------------------------
Performing GPU computation
Writing results to /home/hjs/dev/accel-sim/accel-sim-framework/hw_run/traces/device-0/12.1/backprop-rodinia-2.0-ft/4096___data_result_4096_txt/traces//kernel-1-ctx_0x558caeeefb90.trace.xz
Writing results to /home/hjs/dev/accel-sim/accel-sim-framework/hw_run/traces/device-0/12.1/backprop-rodinia-2.0-ft/4096___data_result_4096_txt/traces//kernel-2-ctx_0x558caeeefb90.trace.xz
checksum = 0xfde66489e11f
Result stored in result.txt

FAILED
Training done
Processing file /home/hjs/dev/accel-sim/accel-sim-framework/hw_run/traces/device-0/12.1/backprop-rodinia-2.0-ft/4096___data_result_4096_txt/traces/kernel-1-ctx_0x558caeeefb90.trace.xz
Processing file /home/hjs/dev/accel-sim/accel-sim-framework/hw_run/traces/device-0/12.1/backprop-rodinia-2.0-ft/4096___data_result_4096_txt/traces/kernel-2-ctx_0x558caeeefb90.trace.xz
Input file: ./data/graph4096.txt
Reading File
Read File
------------- NVBit (NVidia Binary Instrumentation Tool v1.7.6) Loaded --------------
NVBit core environment variables (mostly for nvbit-devs):
ACK_CTX_INIT_LIMITATION = 0 - if set, no warning will be printed for nvbit_at_ctx_init()
            NVDISASM = nvdisasm - override default nvdisasm found in PATH
            NOBANNER = 0 - if set, does not print this banner
       NO_EAGER_LOAD = 0 - eager module loading is turned on by NVBit to prevent potential NVBit tool deadlock, turn it off if you want to use the lazy module loading feature
---------------------------------------------------------------------------------
         INSTR_BEGIN = 0 - Beginning of the instruction interval where to apply instrumentation
           INSTR_END = 4294967295 - End of the instruction interval where to apply instrumentation
    EXCLUDE_PRED_OFF = 1 - Exclude predicated off instruction from count
      TRACE_LINEINFO = 0 - Include source code line info at the start of each traced line. The target binary must be compiled with -lineinfo or --generate-line-info
DYNAMIC_KERNEL_RANGE =  - Specify kernel IDs or ranges to trace. Format:
  - Single ID:       "2" traces only kernel 2.
  - Range:           "5-8" traces kernels 5 through 8 (inclusive).
  - Open-ended:      "10-" traces from kernel 10 onward.
  - Multiple ranges: "2 5-8 10-" (space-separated).
  - With regex:      "5-8@kernel_a.*,kernel_b.*" traces kernels 5–8 with matching names.
If unset or empty, all kernels will be traced from the beginning.
   ACTIVE_FROM_START = 1 - Start instruction tracing from start or wait for cuProfilerStart and cuProfilerStop. If set to 0, DYNAMIC_KERNEL_RANGE options have no effect
        TOOL_VERBOSE = 0 - Enable verbosity inside the tool
       TOOL_COMPRESS = 1 - Enable traces compression
     TOOL_TRACE_CORE = 0 - write the core id in the traces
TERMINATE_UPON_LIMIT = 0 - Stop the process once the current kernel > DYNAMIC_KERNEL_LIMIT_END
USER_DEFINED_FOLDERS = 0 - Uses the user defined folder TRACES_FOLDER path environment
 TRACE_FILE_COMPRESS = 1 - Create xz-compressed tracefile
ENABLE_SPINLOCK_FAST_FORWARD = 0 - Enable spinlock fast forwarding
SPINLOCK_ITER_TO_KEEP = 1 - Number of iterations to keep for spinlock fast forwarding
WARNING: Do not call CUDA memory allocation in nvbit_at_ctx_init(). It will cause deadlocks. Do them in nvbit_tool_init(). If you encounter deadlocks, remove CUDA API calls to debug.
bfs-rodinia-2.0-ft: tracer_tool.cu:661: void leave_kernel_launch(CUcontext, CUfunction): Assertion `err == cudaSuccess' failed.
run.sh：行 7: 103576 已放弃               （核心已转储） ENABLE_SPINLOCK_FAST_FORWARD=0 SPINLOCK_ITER_TO_KEEP=1 CUDA_INJECTION64_PATH=/home/hjs/dev/accel-sim/accel-sim-framework/util/tracer_nvbit/tracer_tool/tracer_tool.so /home/hjs/dev/accel-sim/gpu-app-collection/src/..//bin/12.1/release/bfs-rodinia-2.0-ft ./data/graph4096.txt ./data/graph4096-result.txt
pyramidHeight: 6
gridSize: [30, 30]
border:[6, 6]
blockGrid:[8, 8]
targetBlock:[4, 4]
------------- NVBit (NVidia Binary Instrumentation Tool v1.7.6) Loaded --------------
NVBit core environment variables (mostly for nvbit-devs):
ACK_CTX_INIT_LIMITATION = 0 - if set, no warning will be printed for nvbit_at_ctx_init()
            NVDISASM = nvdisasm - override default nvdisasm found in PATH
            NOBANNER = 0 - if set, does not print this banner
       NO_EAGER_LOAD = 0 - eager module loading is turned on by NVBit to prevent potential NVBit tool deadlock, turn it off if you want to use the lazy module loading feature
---------------------------------------------------------------------------------
         INSTR_BEGIN = 0 - Beginning of the instruction interval where to apply instrumentation
           INSTR_END = 4294967295 - End of the instruction interval where to apply instrumentation
    EXCLUDE_PRED_OFF = 1 - Exclude predicated off instruction from count
      TRACE_LINEINFO = 0 - Include source code line info at the start of each traced line. The target binary must be compiled with -lineinfo or --generate-line-info
DYNAMIC_KERNEL_RANGE =  - Specify kernel IDs or ranges to trace. Format:
  - Single ID:       "2" traces only kernel 2.
  - Range:           "5-8" traces kernels 5 through 8 (inclusive).
  - Open-ended:      "10-" traces from kernel 10 onward.
  - Multiple ranges: "2 5-8 10-" (space-separated).
  - With regex:      "5-8@kernel_a.*,kernel_b.*" traces kernels 5–8 with matching names.
If unset or empty, all kernels will be traced from the beginning.
   ACTIVE_FROM_START = 1 - Start instruction tracing from start or wait for cuProfilerStart and cuProfilerStop. If set to 0, DYNAMIC_KERNEL_RANGE options have no effect
        TOOL_VERBOSE = 0 - Enable verbosity inside the tool
       TOOL_COMPRESS = 1 - Enable traces compression
     TOOL_TRACE_CORE = 0 - write the core id in the traces
TERMINATE_UPON_LIMIT = 0 - Stop the process once the current kernel > DYNAMIC_KERNEL_LIMIT_END
USER_DEFINED_FOLDERS = 0 - Uses the user defined folder TRACES_FOLDER path environment
 TRACE_FILE_COMPRESS = 1 - Create xz-compressed tracefile
ENABLE_SPINLOCK_FAST_FORWARD = 0 - Enable spinlock fast forwarding
SPINLOCK_ITER_TO_KEEP = 1 - Number of iterations to keep for spinlock fast forwarding
WARNING: Do not call CUDA memory allocation in nvbit_at_ctx_init(). It will cause deadlocks. Do them in nvbit_tool_init(). If you encounter deadlocks, remove CUDA API calls to debug.
hotspot-rodinia-2.0-ft: tracer_tool.cu:661: void leave_kernel_launch(CUcontext, CUfunction): Assertion `err == cudaSuccess' failed.
run.sh：行 7: 103620 已放弃               （核心已转储） ENABLE_SPINLOCK_FAST_FORWARD=0 SPINLOCK_ITER_TO_KEEP=1 CUDA_INJECTION64_PATH=/home/hjs/dev/accel-sim/accel-sim-framework/util/tracer_nvbit/tracer_tool/tracer_tool.so /home/hjs/dev/accel-sim/gpu-app-collection/src/..//bin/12.1/release/hotspot-rodinia-2.0-ft 30 6 40 ./data/result_30_6_40.txt
------------- NVBit (NVidia Binary Instrumentation Tool v1.7.6) Loaded --------------
NVBit core environment variables (mostly for nvbit-devs):
ACK_CTX_INIT_LIMITATION = 0 - if set, no warning will be printed for nvbit_at_ctx_init()
            NVDISASM = nvdisasm - override default nvdisasm found in PATH
            NOBANNER = 0 - if set, does not print this banner
       NO_EAGER_LOAD = 0 - eager module loading is turned on by NVBit to prevent potential NVBit tool deadlock, turn it off if you want to use the lazy module loading feature
---------------------------------------------------------------------------------
         INSTR_BEGIN = 0 - Beginning of the instruction interval where to apply instrumentation
           INSTR_END = 4294967295 - End of the instruction interval where to apply instrumentation
    EXCLUDE_PRED_OFF = 1 - Exclude predicated off instruction from count
      TRACE_LINEINFO = 0 - Include source code line info at the start of each traced line. The target binary must be compiled with -lineinfo or --generate-line-info
DYNAMIC_KERNEL_RANGE =  - Specify kernel IDs or ranges to trace. Format:
  - Single ID:       "2" traces only kernel 2.
  - Range:           "5-8" traces kernels 5 through 8 (inclusive).
  - Open-ended:      "10-" traces from kernel 10 onward.
  - Multiple ranges: "2 5-8 10-" (space-separated).
  - With regex:      "5-8@kernel_a.*,kernel_b.*" traces kernels 5–8 with matching names.
If unset or empty, all kernels will be traced from the beginning.
   ACTIVE_FROM_START = 1 - Start instruction tracing from start or wait for cuProfilerStart and cuProfilerStop. If set to 0, DYNAMIC_KERNEL_RANGE options have no effect
        TOOL_VERBOSE = 0 - Enable verbosity inside the tool
       TOOL_COMPRESS = 1 - Enable traces compression
     TOOL_TRACE_CORE = 0 - write the core id in the traces
TERMINATE_UPON_LIMIT = 0 - Stop the process once the current kernel > DYNAMIC_KERNEL_LIMIT_END
USER_DEFINED_FOLDERS = 0 - Uses the user defined folder TRACES_FOLDER path environment
 TRACE_FILE_COMPRESS = 1 - Create xz-compressed tracefile
ENABLE_SPINLOCK_FAST_FORWARD = 0 - Enable spinlock fast forwarding
SPINLOCK_ITER_TO_KEEP = 1 - Number of iterations to keep for spinlock fast forwarding
WARNING: Do not call CUDA memory allocation in nvbit_at_ctx_init(). It will cause deadlocks. Do them in nvbit_tool_init(). If you encounter deadlocks, remove CUDA API calls to debug.
----------------------------------------------------------------------------------------------------
frame progress: heartwall-rodinia-2.0-ft: tracer_tool.cu:661: void leave_kernel_launch(CUcontext, CUfunction): Assertion `err == cudaSuccess' failed.
run.sh：行 7: 103652 已放弃               （核心已转储） ENABLE_SPINLOCK_FAST_FORWARD=0 SPINLOCK_ITER_TO_KEEP=1 CUDA_INJECTION64_PATH=/home/hjs/dev/accel-sim/accel-sim-framework/util/tracer_nvbit/tracer_tool/tracer_tool.so /home/hjs/dev/accel-sim/gpu-app-collection/src/..//bin/12.1/release/heartwall-rodinia-2.0-ft ./data/test.avi 1 ./data/result-1.txt
Reading matrix from file ./data/64.dat
------------- NVBit (NVidia Binary Instrumentation Tool v1.7.6) Loaded --------------
NVBit core environment variables (mostly for nvbit-devs):
ACK_CTX_INIT_LIMITATION = 0 - if set, no warning will be printed for nvbit_at_ctx_init()
            NVDISASM = nvdisasm - override default nvdisasm found in PATH
            NOBANNER = 0 - if set, does not print this banner
       NO_EAGER_LOAD = 0 - eager module loading is turned on by NVBit to prevent potential NVBit tool deadlock, turn it off if you want to use the lazy module loading feature
---------------------------------------------------------------------------------
         INSTR_BEGIN = 0 - Beginning of the instruction interval where to apply instrumentation
           INSTR_END = 4294967295 - End of the instruction interval where to apply instrumentation
    EXCLUDE_PRED_OFF = 1 - Exclude predicated off instruction from count
      TRACE_LINEINFO = 0 - Include source code line info at the start of each traced line. The target binary must be compiled with -lineinfo or --generate-line-info
DYNAMIC_KERNEL_RANGE =  - Specify kernel IDs or ranges to trace. Format:
  - Single ID:       "2" traces only kernel 2.
  - Range:           "5-8" traces kernels 5 through 8 (inclusive).
  - Open-ended:      "10-" traces from kernel 10 onward.
  - Multiple ranges: "2 5-8 10-" (space-separated).
  - With regex:      "5-8@kernel_a.*,kernel_b.*" traces kernels 5–8 with matching names.
If unset or empty, all kernels will be traced from the beginning.
   ACTIVE_FROM_START = 1 - Start instruction tracing from start or wait for cuProfilerStart and cuProfilerStop. If set to 0, DYNAMIC_KERNEL_RANGE options have no effect
        TOOL_VERBOSE = 0 - Enable verbosity inside the tool
       TOOL_COMPRESS = 1 - Enable traces compression
     TOOL_TRACE_CORE = 0 - write the core id in the traces
TERMINATE_UPON_LIMIT = 0 - Stop the process once the current kernel > DYNAMIC_KERNEL_LIMIT_END
USER_DEFINED_FOLDERS = 0 - Uses the user defined folder TRACES_FOLDER path environment
 TRACE_FILE_COMPRESS = 1 - Create xz-compressed tracefile
ENABLE_SPINLOCK_FAST_FORWARD = 0 - Enable spinlock fast forwarding
SPINLOCK_ITER_TO_KEEP = 1 - Number of iterations to keep for spinlock fast forwarding
WARNING: Do not call CUDA memory allocation in nvbit_at_ctx_init(). It will cause deadlocks. Do them in nvbit_tool_init(). If you encounter deadlocks, remove CUDA API calls to debug.
lud-rodinia-2.0-ft: tracer_tool.cu:661: void leave_kernel_launch(CUcontext, CUfunction): Assertion `err == cudaSuccess' failed.
run.sh：行 7: 103676 已放弃               （核心已转储） ENABLE_SPINLOCK_FAST_FORWARD=0 SPINLOCK_ITER_TO_KEEP=1 CUDA_INJECTION64_PATH=/home/hjs/dev/accel-sim/accel-sim-framework/util/tracer_nvbit/tracer_tool/tracer_tool.so /home/hjs/dev/accel-sim/gpu-app-collection/src/..//bin/12.1/release/lud-rodinia-2.0-ft -v -b -i ./data/64.dat
Start Needleman-Wunsch
------------- NVBit (NVidia Binary Instrumentation Tool v1.7.6) Loaded --------------
NVBit core environment variables (mostly for nvbit-devs):
ACK_CTX_INIT_LIMITATION = 0 - if set, no warning will be printed for nvbit_at_ctx_init()
            NVDISASM = nvdisasm - override default nvdisasm found in PATH
            NOBANNER = 0 - if set, does not print this banner
       NO_EAGER_LOAD = 0 - eager module loading is turned on by NVBit to prevent potential NVBit tool deadlock, turn it off if you want to use the lazy module loading feature
---------------------------------------------------------------------------------
         INSTR_BEGIN = 0 - Beginning of the instruction interval where to apply instrumentation
           INSTR_END = 4294967295 - End of the instruction interval where to apply instrumentation
    EXCLUDE_PRED_OFF = 1 - Exclude predicated off instruction from count
      TRACE_LINEINFO = 0 - Include source code line info at the start of each traced line. The target binary must be compiled with -lineinfo or --generate-line-info
DYNAMIC_KERNEL_RANGE =  - Specify kernel IDs or ranges to trace. Format:
  - Single ID:       "2" traces only kernel 2.
  - Range:           "5-8" traces kernels 5 through 8 (inclusive).
  - Open-ended:      "10-" traces from kernel 10 onward.
  - Multiple ranges: "2 5-8 10-" (space-separated).
  - With regex:      "5-8@kernel_a.*,kernel_b.*" traces kernels 5–8 with matching names.
If unset or empty, all kernels will be traced from the beginning.
   ACTIVE_FROM_START = 1 - Start instruction tracing from start or wait for cuProfilerStart and cuProfilerStop. If set to 0, DYNAMIC_KERNEL_RANGE options have no effect
        TOOL_VERBOSE = 0 - Enable verbosity inside the tool
       TOOL_COMPRESS = 1 - Enable traces compression
     TOOL_TRACE_CORE = 0 - write the core id in the traces
TERMINATE_UPON_LIMIT = 0 - Stop the process once the current kernel > DYNAMIC_KERNEL_LIMIT_END
USER_DEFINED_FOLDERS = 0 - Uses the user defined folder TRACES_FOLDER path environment
 TRACE_FILE_COMPRESS = 1 - Create xz-compressed tracefile
ENABLE_SPINLOCK_FAST_FORWARD = 0 - Enable spinlock fast forwarding
SPINLOCK_ITER_TO_KEEP = 1 - Number of iterations to keep for spinlock fast forwarding
WARNING: Do not call CUDA memory allocation in nvbit_at_ctx_init(). It will cause deadlocks. Do them in nvbit_tool_init(). If you encounter deadlocks, remove CUDA API calls to debug.
nw-rodinia-2.0-ft: tracer_tool.cu:661: void leave_kernel_launch(CUcontext, CUfunction): Assertion `err == cudaSuccess' failed.
run.sh：行 7: 103703 已放弃               （核心已转储） ENABLE_SPINLOCK_FAST_FORWARD=0 SPINLOCK_ITER_TO_KEEP=1 CUDA_INJECTION64_PATH=/home/hjs/dev/accel-sim/accel-sim-framework/util/tracer_nvbit/tracer_tool/tracer_tool.so /home/hjs/dev/accel-sim/gpu-app-collection/src/..//bin/12.1/release/nw-rodinia-2.0-ft 128 10 ./data/result_128_10.txt
------------- NVBit (NVidia Binary Instrumentation Tool v1.7.6) Loaded --------------
NVBit core environment variables (mostly for nvbit-devs):
ACK_CTX_INIT_LIMITATION = 0 - if set, no warning will be printed for nvbit_at_ctx_init()
            NVDISASM = nvdisasm - override default nvdisasm found in PATH
            NOBANNER = 0 - if set, does not print this banner
       NO_EAGER_LOAD = 0 - eager module loading is turned on by NVBit to prevent potential NVBit tool deadlock, turn it off if you want to use the lazy module loading feature
---------------------------------------------------------------------------------
         INSTR_BEGIN = 0 - Beginning of the instruction interval where to apply instrumentation
           INSTR_END = 4294967295 - End of the instruction interval where to apply instrumentation
    EXCLUDE_PRED_OFF = 1 - Exclude predicated off instruction from count
      TRACE_LINEINFO = 0 - Include source code line info at the start of each traced line. The target binary must be compiled with -lineinfo or --generate-line-info
DYNAMIC_KERNEL_RANGE =  - Specify kernel IDs or ranges to trace. Format:
  - Single ID:       "2" traces only kernel 2.
  - Range:           "5-8" traces kernels 5 through 8 (inclusive).
  - Open-ended:      "10-" traces from kernel 10 onward.
  - Multiple ranges: "2 5-8 10-" (space-separated).
  - With regex:      "5-8@kernel_a.*,kernel_b.*" traces kernels 5–8 with matching names.
If unset or empty, all kernels will be traced from the beginning.
   ACTIVE_FROM_START = 1 - Start instruction tracing from start or wait for cuProfilerStart and cuProfilerStop. If set to 0, DYNAMIC_KERNEL_RANGE options have no effect
        TOOL_VERBOSE = 0 - Enable verbosity inside the tool
       TOOL_COMPRESS = 1 - Enable traces compression
     TOOL_TRACE_CORE = 0 - write the core id in the traces
TERMINATE_UPON_LIMIT = 0 - Stop the process once the current kernel > DYNAMIC_KERNEL_LIMIT_END
USER_DEFINED_FOLDERS = 0 - Uses the user defined folder TRACES_FOLDER path environment
 TRACE_FILE_COMPRESS = 1 - Create xz-compressed tracefile
ENABLE_SPINLOCK_FAST_FORWARD = 0 - Enable spinlock fast forwarding
SPINLOCK_ITER_TO_KEEP = 1 - Number of iterations to keep for spinlock fast forwarding
WARNING: Do not call CUDA memory allocation in nvbit_at_ctx_init(). It will cause deadlocks. Do them in nvbit_tool_init(). If you encounter deadlocks, remove CUDA API calls to debug.
The 3 nearest neighbors are:
1955  2  1  0  7 OSCAR      29.8  90.9   46  470 --> 0.200001
1980 10 22 18  3 ISAAC      30.1  90.4  110  778 --> 0.100000
1955  6 11 12  7 ALBERTO    29.6  90.6  134  346 --> 0.400000
----------------------------------------------------------------------------------------------------
Writing results to /home/hjs/dev/accel-sim/accel-sim-framework/hw_run/traces/device-0/12.1/nn-rodinia-2.0-ft/__data_filelist_4_3_30_90___data_filelist_4_3_30_90_result_txt/traces//kernel-1-ctx_0x560f24a84b00.trace.xz
Writing results to /home/hjs/dev/accel-sim/accel-sim-framework/hw_run/traces/device-0/12.1/nn-rodinia-2.0-ft/__data_filelist_4_3_30_90___data_filelist_4_3_30_90_result_txt/traces//kernel-2-ctx_0x560f24a84b00.trace.xz
Writing results to /home/hjs/dev/accel-sim/accel-sim-framework/hw_run/traces/device-0/12.1/nn-rodinia-2.0-ft/__data_filelist_4_3_30_90___data_filelist_4_3_30_90_result_txt/traces//kernel-3-ctx_0x560f24a84b00.trace.xz
Writing results to /home/hjs/dev/accel-sim/accel-sim-framework/hw_run/traces/device-0/12.1/nn-rodinia-2.0-ft/__data_filelist_4_3_30_90___data_filelist_4_3_30_90_result_txt/traces//kernel-4-ctx_0x560f24a84b00.trace.xz

FAILED
Processing file /home/hjs/dev/accel-sim/accel-sim-framework/hw_run/traces/device-0/12.1/nn-rodinia-2.0-ft/__data_filelist_4_3_30_90___data_filelist_4_3_30_90_result_txt/traces/kernel-1-ctx_0x560f24a84b00.trace.xz
Processing file /home/hjs/dev/accel-sim/accel-sim-framework/hw_run/traces/device-0/12.1/nn-rodinia-2.0-ft/__data_filelist_4_3_30_90___data_filelist_4_3_30_90_result_txt/traces/kernel-2-ctx_0x560f24a84b00.trace.xz
Processing file /home/hjs/dev/accel-sim/accel-sim-framework/hw_run/traces/device-0/12.1/nn-rodinia-2.0-ft/__data_filelist_4_3_30_90___data_filelist_4_3_30_90_result_txt/traces/kernel-3-ctx_0x560f24a84b00.trace.xz
Processing file /home/hjs/dev/accel-sim/accel-sim-framework/hw_run/traces/device-0/12.1/nn-rodinia-2.0-ft/__data_filelist_4_3_30_90___data_filelist_4_3_30_90_result_txt/traces/kernel-4-ctx_0x560f24a84b00.trace.xz
------------- NVBit (NVidia Binary Instrumentation Tool v1.7.6) Loaded --------------
NVBit core environment variables (mostly for nvbit-devs):
ACK_CTX_INIT_LIMITATION = 0 - if set, no warning will be printed for nvbit_at_ctx_init()
            NVDISASM = nvdisasm - override default nvdisasm found in PATH
            NOBANNER = 0 - if set, does not print this banner
       NO_EAGER_LOAD = 0 - eager module loading is turned on by NVBit to prevent potential NVBit tool deadlock, turn it off if you want to use the lazy module loading feature
---------------------------------------------------------------------------------
         INSTR_BEGIN = 0 - Beginning of the instruction interval where to apply instrumentation
           INSTR_END = 4294967295 - End of the instruction interval where to apply instrumentation
    EXCLUDE_PRED_OFF = 1 - Exclude predicated off instruction from count
      TRACE_LINEINFO = 0 - Include source code line info at the start of each traced line. The target binary must be compiled with -lineinfo or --generate-line-info
DYNAMIC_KERNEL_RANGE =  - Specify kernel IDs or ranges to trace. Format:
  - Single ID:       "2" traces only kernel 2.
  - Range:           "5-8" traces kernels 5 through 8 (inclusive).
  - Open-ended:      "10-" traces from kernel 10 onward.
  - Multiple ranges: "2 5-8 10-" (space-separated).
  - With regex:      "5-8@kernel_a.*,kernel_b.*" traces kernels 5–8 with matching names.
If unset or empty, all kernels will be traced from the beginning.
   ACTIVE_FROM_START = 1 - Start instruction tracing from start or wait for cuProfilerStart and cuProfilerStop. If set to 0, DYNAMIC_KERNEL_RANGE options have no effect
        TOOL_VERBOSE = 0 - Enable verbosity inside the tool
       TOOL_COMPRESS = 1 - Enable traces compression
     TOOL_TRACE_CORE = 0 - write the core id in the traces
TERMINATE_UPON_LIMIT = 0 - Stop the process once the current kernel > DYNAMIC_KERNEL_LIMIT_END
USER_DEFINED_FOLDERS = 0 - Uses the user defined folder TRACES_FOLDER path environment
 TRACE_FILE_COMPRESS = 1 - Create xz-compressed tracefile
ENABLE_SPINLOCK_FAST_FORWARD = 0 - Enable spinlock fast forwarding
SPINLOCK_ITER_TO_KEEP = 1 - Number of iterations to keep for spinlock fast forwarding
----------------------------------------------------------------------------------------------------
5 4 5 7 0 3 0 8 2 2 6 3 8 9 7 5 9 0 6 9 5 0 1 5 9 4 4 3 9 9 0 4 3 7 3 6 0 5 6 4 7 3 9 5 4 9 0 3 9 9 5 4 1 6 9 2 1 6 5 2 5 7 8 0 6 1 8 7 6 5 1 5 0 3 2 4 2 5 8 1 6 5 7 7 3 9 0 6 5 7 8 0 7 8 2 3 1 1 2 9 6 6 4 6 9 9 2 1 4 2 4 0 7 1 9 1 2 9 7 7 9 8 9 6 6 2 1 8 3 4 7 9 0 4 7 1 5 9 2 1 2 8 1 1 9 2 4 2 4 2 1 3 2 1 1 8 3 4 8 6 8 8 7 0 4 4 1 9 5 5 0 9 3 3 3 5 7 7 9 1 1 0 4 3 3 7 4 6 2 4 4 2 4 1 5 0 7 6 9 5 2 1 6 7 6 9 2 4 7 3 5 0 4 2 6 9 1 0 6 3 6 0 8 1 4 3 1 1 1 3 8 5 6 5 3 5 4 7 9 3 1 6 4 7 8 0 6 0 2 4 5 8 5 5 1 1 8 5 2 0 0 3 5 8 8 0 3 2 8 2 6 1 9 2 0 9 2 6 1 6 1 9 6 8 4 0 9 5 7 3 7 7 6 4 5 6 5 1 9 5 3 7 8 4 9 8 6 3 4 9 1 7 8 7 7 5 7 8 2 6 2 9 3 0 3 1 7 0 2 8 5 7 7 3 4 6 3 0 1 8 1 4 7 2 1 5 7 1 3 1 7 7 0 3 0 5 6 9 6 0 7 3 9 4 9 3 2 2 5 5 2 7 9 0 1 2 7 8 5 2 1 5 0 1 0 2 8 6 1 4 8 8 0 7 4 9 3 8 3 0 3 6 9 4 8 0 6 7 0 2 9 1 9 9 2 9 3 1 7 4 7 5 4 7 4 0 8 7 8 4 0 1 2 9 7 2 0 4 9 0 8 8 2 7 0 6 8 3 9 5 8 9 2 4 8 6 5 9 6 3 3 8 7 7 7 4 9 7 0 8 0 0 6 2 9 8 0 7 2 0 4 2 1 6 6 9 5 3 8 3 9 3 1 8 0 8 4 9 8 5 7 8 7 6 0 7 4 2 6 8 4 1 0 5 7 9 5 4 4 3 7 3 7 8 3 9 9 8 9 7 5 8 5 2 4 7 1 1 9 8 9 4 9 2 1 8 3 6 3 7 2 2 3 1 3 6 0 2 4 1 1 1 0 8 4 4 5 5 7 6 5 7 2 4 1 4 5 4 2 0 3 6 2 6 7 5 5 0 9 1 1 2 3 1 0 9 8 7 6 5 6 2 4 0 8 7 6 3 3 9 3 7 7 8 5 7 5 2 9 7 4 0 9 7 4 2 8 4 1 4 1 7 6 8 0 7 5 6 0 9 7 6 6 5 6 3 4 1 6 3 0 0 3 0 9 9 4 7 3 5 3 7 5 0 5 5 9 0 3 9 9 1 7 7 8 5 3 2 9 9 5 9 1 0 1 2 2 5 1 7 3 4 4 8 6 9 3 5 2 8 7 3 9 6 1 9 2 4 1 1 5 8 2 6 9 4 8 3 9 1 0 2 5 5 2 2 6 7 9 8 6 6 2 5 3 5 5 7 1 8 8 6 7 2 4 8 6 4 1 6 5 3 0 0 8 3 4 7 0 4 5 6 2 9 4 7 4 1 4 5 1 4 3 8 7 7 8 3 1 1 1 6 5 4 9 5 9 5 2 9 1 0 8 4 9 4 1 6 7 8 3 8 2 7 7 9 4 7 5 8 9 8 4 6 2 5 3 1 3 8 3 4 8 3 8 9 7 2 7 6 0 1 4 4 8 3 4 4 1 1 2 2 9 9 0 2 6 3 5 9 1 8 4 1 3 4 3 0 6 2 6 8 3 3 3 3 6 9 0 7 0 2 1 1 3 1 5 0 7 1 1 0 1 7 4 5 2 7 7 0 9 6 9 5 9 4 0 5 3 0 5 5 5 8 6 0 2 4 2 9 7 4 1 8 1 5 5 5 4 3 6 6 1 7 1 0 1 3 7 6 4 4 3 1 3 1 1 7 5 6 8 2 2 9 3 3 5 8 9 1 3 7 7 4 6 8 6 7 2 6 5 8 0 0 1 5 1 4 2 7 0 0 1 2 2 4 8 9 5 9 0 0 6 8 7 2 8 3 1 0 1 8 0 4 8 1 9 9 8 4 
8 8 6 2 3 8 6 1 9 3 2 0 4 0 8 1 2 6 6 5 9 8 5 1 4 5 5 3 4 3 9 5 3 6 7 6 6 5 9 6 1 1 6 5 1 6 8 5 4 4 2 3 4 9 5 8 4 0 4 1 5 3 6 8 1 5 7 0 2 8 8 3 0 6 0 3 2 8 1 6 5 5 2 9 5 9 0 9 1 6 0 6 1 8 4 5 5 3 5 8 2 3 1 4 1 2 9 5 2 0 1 7 8 5 9 3 4 1 2 5 7 5 1 8 3 8 3 9 3 0 9 5 5 2 9 6 6 1 1 9 3 5 6 1 2 7 4 7 8 9 4 5 6 8 6 9 8 1 0 1 2 1 7 9 4 8 8 0 1 9 9 5 6 8 6 9 5 1 8 6 2 2 1 8 2 9 9 0 1 2 2 5 3 1 4 7 1 2 0 3 4 1 8 2 9 4 3 7 7 1 3 9 6 6 9 8 6 9 1 9 3 3 4 6 4 8 6 5 3 8 0 9 9 8 1 9 3 5 8 2 8 3 2 6 9 3 7 7 2 8 6 7 3 2 4 9 3 2 6 6 0 7 5 9 5 8 0 0 5 0 3 6 3 7 4 5 0 1 4 5 1 3 2 6 5 8 5 8 2 2 6 4 1 3 4 6 2 6 9 7 9 4 5 2 1 0 9 3 3 4 0 7 7 5 3 4 5 9 3 8 3 9 4 4 3 0 2 7 7 1 6 6 7 2 0 0 4 0 4 7 6 6 4 3 3 8 7 9 9 2 9 2 4 3 8 9 4 0 6 3 4 2 1 1 6 1 2 0 3 8 0 1 4 4 4 8 4 4 9 3 8 0 7 2 3 5 1 9 8 9 2 2 4 5 3 2 7 7 5 2 5 5 4 2 1 0 2 8 6 1 1 5 1 1 9 6 8 3 6 6 2 0 8 8 6 2 1 5 1 6 9 7 1 3 9 4 6 1 2 4 4 6 9 7 7 1 5 5 4 1 4 8 4 2 9 0 6 0 7 8 6 6 5 9 2 6 3 0 9 8 4 5 4 6 4 1 7 9 8 3 1 2 3 7 7 2 7 3 4 6 3 0 4 0 1 6 8 7 8 7 5 3 4 9 9 8 2 8 8 2 3 1 7 6 8 6 1 7 1 5 3 5 8 7 5 1 6 6 8 4 3 5 7 0 6 8 8 0 6 6 5 9 7 2 8 5 8 9 2 1 6 7 6 4 5 4 8 3 0 6 7 5 4 7 5 0 5 4 1 4 2 6 3 2 0 3 7 0 4 2 1 1 9 0 7 6 6 5 9 8 4 9 3 8 6 1 8 3 7 1 7 9 9 3 1 1 6 1 1 1 5 5 4 4 5 1 3 1 7 4 9 3 5 4 1 3 5 1 7 4 3 6 4 4 1 7 6 8 0 9 1 5 4 7 2 1 8 5 4 7 1 5 2 7 0 3 0 7 5 9 2 0 8 8 6 9 7 2 9 8 2 2 3 8 9 5 0 0 2 4 9 4 0 2 3 2 7 5 9 4 5 3 6 3 3 3 4 1 7 4 9 1 6 4 0 8 2 0 8 4 4 9 8 6 1 3 8 1 9 0 5 4 3 2 9 7 5 3 0 4 9 1 6 6 5 6 4 7 8 4 2 4 3 2 1 7 6 9 8 5 9 3 1 5 7 2 4 2 5 4 7 5 5 5 3 2 1 9 2 9 3 6 3 8 0 6 5 8 6 5 3 7 1 6 4 8 8 8 3 6 4 2 3 1 7 6 6 0 5 8 9 0 6 4 8 6 1 6 5 9 1 0 8 4 7 3 3 7 3 8 3 0 0 6 3 9 2 9 9 9 9 0 9 5 4 0 2 5 6 9 6 9 9 5 4 6 0 9 4 5 7 9 7 9 6 1 8 0 2 9 0 2 9 1 7 3 1 1 1 7 0 7 9 0 4 3 8 6 4 4 4 1 4 1 2 2 2 2 2 5 1 4 9 0 6 6 3 7 0 6 7 2 6 6 4 0 1 3 9 7 9 3 0 5 6 2 7 9 4 2 6 5 6 5 5 4 3 0 4 5 7 1 8 5 9 2 7 2 7 6 9 7 1 9 4 8 1 4 7 7 8 5 2 4 2 9 1 7 9 5 3 8 8 3 3 7 5 1 9 3 9 0 2 1 9 8 9 2 2 8 9 0 5 3 7 7 4 0 4 5 5 9 4 3 2 9 2 8 2 3 
3 2 3 7 3 4 5 4 6 0 2 7 2 7 2 1 6 6 1 2 1 6 2 7 1 6 7 3 6 9 8 9 3 3 8 6 7 6 0 5 8 4 4 0 3 6 2 9 4 3 4 6 2 8 3 5 4 2 1 1 4 9 2 7 3 1 4 2 9 6 0 7 3 4 9 6 3 3 8 7 9 4 3 1 2 9 6 6 1 7 7 5 9 0 3 4 3 9 6 4 7 6 1 2 3 2 1 6 6 9 3 5 5 7 8 7 8 6 3 1 6 3 7 5 5 2 1 0 3 9 4 2 6 7 5 1 9 6 7 7 7 0 2 2 9 2 1 7 9 6 9 5 9 8 2 6 2 3 6 7 4 0 9 0 7 6 1 9 2 0 6 1 1 1 3 2 3 4 0 4 3 1 1 2 1 3 1 5 8 7 4 3 0 5 5 9 2 9 8 6 9 7 8 2 8 3 5 3 0 7 8 3 0 9 7 3 5 8 8 5 8 4 0 8 9 8 7 3 7 6 0 8 3 0 1 3 3 8 6 5 5 6 8 7 6 8 0 3 6 0 8 4 4 1 2 3 9 2 7 6 0 9 6 3 9 9 8 4 7 4 0 4 3 0 1 9 8 3 4 7 3 4 3 7 5 6 1 4 0 0 2 0 9 9 3 0 8 3 6 8 9 8 4 2 9 8 3 9 1 7 6 5 2 0 4 7 8 7 2 8 7 4 8 8 5 3 0 6 8 7 4 7 5 0 0 6 8 3 6 2 3 4 7 5 6 3 4 4 1 6 4 8 3 4 9 8 9 9 4 7 8 0 5 4 1 5 2 1 0 8 3 3 5 2 0 1 6 5 8 7 1 4 7 6 9 6 7 8 8 3 6 6 4 3 2 7 0 5 8 0 5 4 6 2 6 6 6 4 1 4 1 5 0 1 3 9 9 0 0 7 4 8 6 0 1 0 9 1 7 7 3 3 3 9 7 0 6 3 6 9 9 8 4 0 1 8 1 0 0 1 8 6 9 6 6 2 6 5 3 4 5 7 9 8 8 6 0 4 2 7 6 1 7 0 3 8 0 5 0 3 6 8 9 8 6 8 0 3 3 6 7 0 3 8 1 1 4 1 8 8 0 4 0 9 6 5 7 9 0 8 2 9 8 3 7 7 1 9 0 7 5 9 7 0 7 8 4 3 2 4 2 4 0 4 4 8 9 3 7 2 3 1 1 4 7 0 1 8 1 3 5 7 2 5 9 1 5 5 4 7 9 8 2 9 4 8 8 4 1 7 8 5 1 9 1 8 1 2 6 2 5 4 1 9 9 3 0 4 8 6 4 8 5 8 9 9 6 9 5 9 7 3 6 8 4 7 8 5 9 6 0 6 0 3 5 9 6 7 6 5 6 0 5 3 0 6 4 6 6 0 7 3 5 4 3 2 1 3 9 3 9 9 1 0 3 9 1 1 6 9 6 4 1 3 7 1 0 2 9 6 4 7 1 9 3 6 1 4 9 1 9 0 2 3 0 7 2 4 9 0 3 7 5 5 3 2 8 3 6 8 1 0 7 4 2 0 0 3 6 1 6 8 1 1 1 4 0 3 8 9 3 3 9 0 0 2 5 9 7 1 7 0 2 6 4 4 6 6 9 2 9 8 0 0 9 1 6 9 6 6 1 0 0 2 2 0 6 7 1 3 9 0 5 1 6 9 7 2 7 6 7 6 6 7 8 5 1 5 7 7 1 0 9 3 2 2 6 8 9 7 3 0 8 0 3 4 9 0 7 6 9 4 4 5 3 2 3 4 7 2 4 1 2 3 6 6 7 2 6 9 0 1 9 0 1 5 4 2 7 3 0 8 9 4 6 5 6 9 9 6 3 5 9 7 1 5 3 8 0 1 9 2 2 1 2 3 6 8 7 3 4 7 2 3 1 8 8 9 9 0 5 4 5 6 1 6 4 4 7 4 5 6 6 9 7 0 4 5 8 1 9 2 8 3 8 1 3 6 0 4 8 8 8 4 4 9 2 8 5 1 4 2 8 2 3 7 2 7 3 3 8 4 5 8 9 3 9 4 2 9 8 0 9 8 6 4 9 1 4 6 2 1 8 2 3 1 0 6 0 3 9 8 7 6 8 6 2 7 2 6 8 0 6 8 0 5 4 9 6 0 5 0 1 5 3 5 8 3 3 8 8 4 8 5 2 6 3 4 5 5 0 3 7 9 1 7 4 5 8 2 6 3 2 9 8 7 6 6 0 9 
6 8 5 4 5 8 2 0 2 7 7 5 0 6 4 4 5 0 9 3 4 7 6 8 9 6 6 5 2 8 7 0 7 2 4 4 0 8 7 5 5 6 2 6 3 8 0 8 0 1 2 4 1 0 2 0 7 0 5 1 9 2 2 8 7 8 4 7 7 1 4 2 8 6 0 3 4 0 1 6 4 5 0 5 6 5 7 3 5 2 4 6 7 8 6 4 7 1 3 6 4 8 8 2 6 9 7 3 1 1 9 5 6 2 2 4 7 9 9 4 4 6 3 1 4 9 7 3 0 2 9 5 2 8 9 9 9 7 4 0 0 3 8 8 7 0 3 6 2 2 3 6 8 6 9 3 5 8 8 8 0 8 3 3 6 4 4 7 3 8 9 3 3 7 2 1 0 7 9 2 9 2 0 8 8 1 3 6 9 1 4 1 1 9 4 9 3 8 6 9 8 6 2 2 5 6 5 7 3 4 1 5 7 1 5 7 4 0 3 3 3 7 7 5 8 1 4 2 2 1 3 2 9 5 4 6 4 1 4 9 6 5 4 5 9 1 2 3 1 8 9 5 5 6 0 4 9 6 8 3 7 1 6 8 8 2 5 4 4 1 6 2 6 0 9 7 2 1 3 5 1 2 0 7 0 2 3 1 9 3 7 8 6 3 7 6 5 4 3 1 7 9 5 5 9 4 3 3 6 6 1 7 0 1 6 2 6 1 5 5 6 2 5 4 5 4 1 3 8 4 6 7 3 2 3 4 6 6 0 4 4 1 4 6 4 2 8 2 6 3 7 2 6 3 7 3 7 0 8 8 6 5 5 9 7 8 5 5 6 7 0 2 0 4 8 5 8 6 7 4 2 7 7 0 2 6 3 1 6 4 1 4 9 7 5 8 7 0 3 6 0 5 8 0 1 7 5 0 5 5 4 9 4 3 9 6 9 5 7 7 9 9 1 8 8 6 8 7 9 3 5 9 9 4 9 0 3 7 2 0 2 7 0 6 0 1 4 0 6 3 9 5 2 3 5 2 9 3 2 0 7 7 1 8 3 1 8 8 0 1 9 4 0 1 2 0 2 6 2 9 9 4 4 4 7 0 8 8 5 0 9 4 8 0 2 1 3 3 2 3 4 1 7 6 4 9 6 6 7 1 7 7 5 2 3 2 4 1 2 1 2 1 6 2 4 8 5 7 1 7 1 7 0 0 3 4 2 2 1 9 3 8 6 0 2 9 4 8 3 6 0 5 0 8 7 4 6 4 1 0 2 4 9 2 7 3 7 9 7 0 8 0 0 7 2 5 8 8 3 1 4 5 8 4 5 7 0 4 2 4 4 6 0 3 8 7 8 7 8 5 9 7 7 0 6 1 7 6 9 2 8 4 8 8 0 3 6 3 7 0 7 3 6 7 9 6 5 7 6 5 5 5 2 2 7 0 4 6 7 3 9 7 9 7 5 2 2 3 5 2 5 4 7 1 1 6 0 8 4 8 4 9 3 8 3 3 1 9 9 8 3 0 7 4 7 2 8 2 8 3 6 3 9 3 7 1 0 9 1 6 7 7 7 2 6 0 5 7 0 7 7 5 7 4 1 7 8 0 1 6 5 7 2 5 0 9 8 2 8 9 8 7 7 7 9 5 0 5 4 2 4 1 9 3 5 0 2 5 0 3 2 8 2 4 5 5 5 3 7 5 4 8 2 3 5 1 8 5 8 4 9 4 5 8 8 2 9 0 8 1 6 2 1 8 6 6 3 3 9 3 8 6 1 2 9 8 3 0 4 4 4 5 8 2 4 6 6 5 9 4 6 7 6 8 5 4 6 1 9 8 4 7 4 5 1 5 3 5 7 9 9 2 5 7 6 1 6 2 6 7 9 4 4 7 2 1 4 1 2 3 9 8 3 3 3 4 8 9 1 6 0 2 0 7 2 8 8 8 2 6 7 1 1 1 1 5 4 5 6 7 0 5 7 3 0 3 0 9 2 3 7 4 6 9 2 8 7 2 8 1 9 5 3 2 8 6 7 2 1 4 1 1 1 1 7 2 4 9 3 8 2 2 2 8 1 6 6 0 1 6 1 0 1 6 2 1 2 1 6 5 7 9 7 9 0 6 3 4 5 6 2 9 8 7 8 1 3 6 1 4 3 4 6 6 1 0 0 5 2 6 1 1 7 0 0 8 8 3 4 3 9 7 2 9 4 2 0 9 1 3 4 4 8 2 2 1 3 4 6 7 2 9 8 0 9 9 0 7 4 4 
2 6 3 7 5 7 1 8 9 2 1 3 8 1 7 3 4 0 7 3 7 0 2 6 2 4 7 2 3 3 6 8 9 0 5 7 9 8 7 8 1 0 3 1 2 1 4 6 3 2 1 1 4 4 9 6 8 8 0 3 1 6 1 3 8 8 2 0 7 9 0 8 9 6 9 3 7 6 2 2 0 3 3 4 9 4 2 9 4 4 3 6 2 4 1 1 3 3 3 0 4 3 0 5 9 1 9 8 7 3 1 9 6 6 5 6 3 7 7 7 3 0 5 6 5 6 9 0 1 2 2 7 7 2 3 9 5 4 7 5 9 0 4 7 7 0 5 2 9 3 9 3 3 5 1 0 3 0 2 7 2 4 6 9 8 1 8 6 7 8 1 6 8 7 4 7 9 1 1 9 4 1 4 0 8 5 0 3 7 3 0 9 9 9 0 8 0 1 4 8 1 7 6 1 4 0 1 4 4 2 5 8 3 9 8 3 6 9 7 3 4 9 4 3 8 6 3 9 9 9 9 0 6 5 4 1 8 5 7 2 7 2 0 3 3 1 6 9 2 5 4 6 5 0 1 5 6 7 6 8 6 5 8 3 3 2 6 1 9 3 5 7 5 5 2 8 8 8 9 0 6 5 8 1 5 2 6 3 9 3 1 7 0 2 0 3 6 8 6 6 1 1 5 8 9 7 8 7 5 7 8 1 2 8 4 9 0 3 5 9 8 8 9 8 0 9 4 7 8 0 5 1 2 0 0 1 7 8 0 4 8 8 8 2 7 2 4 9 7 9 1 5 7 0 6 8 1 0 7 1 2 4 3 6 4 5 9 3 5 0 7 3 0 5 8 9 0 2 9 7 1 0 3 8 2 1 8 3 3 7 5 5 1 8 4 7 5 3 0 0 3 8 6 4 5 4 3 5 6 4 3 7 4 8 7 8 9 8 2 2 7 7 7 1 7 3 8 2 7 1 2 2 9 0 8 6 4 2 2 2 8 5 9 5 3 9 3 4 9 5 6 6 2 5 7 9 9 6 3 6 7 8 0 8 8 9 4 5 3 8 7 1 3 9 6 8 8 0 4 7 7 0 5 2 6 3 1 7 1 7 5 8 5 5 8 5 4 4 0 7 3 0 9 8 9 5 7 9 7 3 8 5 4 3 7 2 6 0 9 7 9 4 7 6 9 5 2 4 0 4 3 5 4 2 3 5 0 2 4 9 6 2 4 0 6 3 4 4 6 3 4 7 9 1 4 0 9 8 6 1 2 0 6 9 2 9 4 4 2 9 4 8 3 0 0 9 6 4 6 2 9 0 9 0 1 5 0 2 3 7 3 6 7 9 7 1 9 1 6 3 0 0 3 6 0 5 7 8 1 3 0 0 3 2 0 7 9 0 9 3 9 3 1 6 4 8 0 5 9 6 8 2 8 3 8 0 8 5 9 9 1 1 1 4 5 1 3 5 4 3 8 5 8 1 2 2 9 2 8 0 0 8 2 8 2 2 8 2 8 7 2 1 1 3 5 6 7 1 1 3 6 1 8 4 2 2 8 1 6 8 2 6 9 6 6 1 9 7 5 9 6 7 0 7 3 7 4 2 8 5 7 4 9 5 0 1 0 9 5 6 9 9 5 8 5 3 1 6 0 7 5 7 6 7 6 1 5 0 5 5 8 2 0 7 0 2 0 0 3 5 8 3 4 3 3 2 7 5 8 9 4 6 8 0 3 5 4 0 7 9 6 5 2 8 4 2 0 7 4 6 4 2 9 9 8 4 3 7 9 3 6 3 9 7 6 3 2 0 3 1 9 1 7 3 9 3 7 2 0 1 8 5 6 9 6 4 3 1 1 5 4 9 0 4 6 6 9 0 8 4 2 0 6 1 3 7 6 3 9 7 6 9 4 2 0 2 8 4 3 1 1 7 3 1 3 1 0 2 2 8 7 6 8 5 9 4 2 5 7 4 4 5 5 8 0 6 2 8 2 5 2 3 5 5 6 8 6 6 1 8 5 0 6 3 5 5 9 7 3 8 3 7 4 9 8 4 5 0 4 9 8 6 2 3 1 0 3 8 7 4 8 2 4 5 7 1 2 9 9 5 7 2 5 1 3 3 7 8 5 2 7 3 8 1 8 0 4 2 0 1 8 8 5 3 5 4 4 0 3 5 7 1 0 2 4 3 5 2 4 3 6 3 6 4 7 5 6 1 7 6 2 5 5 9 0 2 3 7 2 9 4 0 0 4 2 6 0 0 0 4 
3 6 9 1 1 6 8 7 7 7 4 9 5 1 0 5 3 4 4 6 3 1 8 5 7 2 3 7 4 4 3 9 0 3 1 3 9 9 3 7 7 9 8 2 0 1 9 5 5 6 1 0 7 1 5 4 4 8 4 8 4 7 8 7 2 1 0 4 0 3 3 9 4 3 3 4 4 5 0 9 1 3 9 0 7 6 4 1 7 0 1 1 0 9 0 2 2 1 6 5 6 9 4 1 5 0 7 9 5 9 9 8 3 0 8 0 9 4 3 6 5 4 9 7 6 0 9 0 3 8 5 1 9 0 2 4 2 2 4 7 1 5 5 6 7 5 8 6 9 1 4 6 8 6 3 6 8 5 6 3 5 2 4 6 4 9 1 6 1 7 5 4 4 2 1 1 7 9 0 8 3 6 7 3 2 0 9 2 7 5 5 2 9 2 9 3 1 2 1 4 9 6 0 5 8 1 6 5 3 6 6 6 3 3 9 7 5 0 2 3 7 7 7 7 1 8 2 4 0 4 8 1 2 9 6 1 2 5 8 7 3 6 5 8 9 6 6 5 6 0 0 4 7 7 3 9 8 7 3 8 3 4 2 6 5 0 9 9 7 9 7 1 6 2 9 7 1 7 2 7 7 2 3 7 2 8 8 0 6 3 0 1 9 4 7 6 7 8 6 4 0 5 7 6 9 7 3 0 6 8 8 6 2 3 5 4 2 3 6 0 8 7 1 8 3 1 6 0 9 2 5 9 9 2 7 9 1 3 1 0 3 1 8 5 5 3 2 7 8 8 7 6 7 0 6 1 1 3 3 1 7 0 2 7 3 2 8 6 5 9 6 0 1 4 5 8 9 7 7 7 8 6 4 7 6 2 0 8 5 4 1 5 4 3 2 9 7 2 6 2 1 4 4 4 1 0 2 0 9 9 0 9 5 6 7 4 8 7 2 6 3 3 1 8 8 5 9 6 7 5 0 0 2 5 5 5 7 9 7 6 9 7 8 6 5 7 0 4 4 4 2 0 7 5 0 6 0 9 4 9 7 4 9 1 9 4 6 6 6 5 5 7 5 3 3 0 0 6 6 6 0 8 8 0 3 8 8 3 8 2 2 7 6 4 8 8 0 6 4 6 1 1 3 6 4 9 9 6 5 5 5 7 4 3 9 7 2 7 3 2 1 7 1 0 1 9 8 2 7 4 0 0 6 4 9 2 3 8 1 0 3 6 9 9 9 9 9 3 8 4 5 2 1 6 2 5 7 2 9 6 6 9 7 4 5 6 9 8 6 0 8 1 8 8 1 7 9 0 1 7 4 8 9 7 7 3 4 6 5 3 3 4 5 0 8 0 8 9 1 4 1 9 5 9 9 8 9 8 8 2 8 4 2 9 4 9 3 0 6 8 6 9 2 1 1 3 3 9 4 4 5 6 6 0 7 5 9 6 6 9 0 6 6 3 5 2 2 8 2 8 9 8 9 3 1 0 6 5 1 1 9 6 9 5 9 6 3 0 5 1 1 5 7 7 8 4 1 1 5 4 1 4 2 3 7 4 5 6 1 7 9 0 5 8 8 4 6 3 6 1 6 8 7 5 7 7 9 9 8 6 5 2 0 9 7 0 5 2 8 6 1 7 9 7 7 7 3 3 2 2 5 8 0 2 5 9 9 4 0 0 1 5 4 3 5 3 5 0 5 3 7 9 0 6 6 7 5 1 1 9 3 8 9 5 2 4 5 3 0 7 3 1 3 9 7 8 2 2 0 0 8 9 9 8 7 7 8 4 0 1 3 6 9 2 1 3 8 8 6 9 6 2 2 1 3 9 1 6 4 1 8 2 1 9 2 8 8 2 3 8 3 8 4 4 3 8 9 1 8 6 0 6 8 3 7 1 4 8 9 8 0 9 2 3 8 5 3 6 7 6 7 3 7 3 9 0 1 9 1 2 5 4 8 5 9 6 6 5 4 8 4 6 7 6 1 8 3 5 4 3 3 1 6 0 5 5 0 8 6 4 0 1 0 9 8 1 7 7 6 3 5 0 2 4 9 3 2 4 8 7 7 2 0 5 4 7 1 7 8 9 3 8 1 3 9 1 4 6 8 0 2 3 3 4 8 4 7 2 0 8 9 8 2 2 3 6 1 6 5 9 6 8 8 9 1 9 0 7 8 9 0 0 4 5 6 4 9 5 7 9 3 8 9 7 2 5 6 4 1 1 3 9 0 3 0 3 3 1 3 1 2 3 3 8 8 9 5 9 4 2 
0 0 2 0 7 5 5 3 9 8 5 4 0 7 8 0 2 3 3 5 4 7 0 9 6 8 8 1 9 4 5 0 4 7 2 2 4 9 7 3 9 4 0 9 1 8 0 4 3 5 1 9 3 2 8 1 2 8 4 2 2 9 4 9 8 6 1 3 5 0 8 6 5 8 6 6 8 6 2 1 1 4 0 6 8 0 7 0 8 1 2 3 2 6 2 1 4 3 4 1 5 2 8 0 1 4 9 1 2 1 3 5 7 5 2 5 6 1 6 4 3 0 9 5 9 1 6 3 6 2 5 2 5 3 2 8 7 1 9 9 5 4 6 2 0 8 0 8 2 8 4 5 8 4 2 7 5 1 1 2 3 6 4 0 1 8 0 8 2 2 9 7 6 7 1 8 8 1 8 0 9 3 7 0 7 9 7 4 2 0 8 8 8 2 8 9 3 1 9 5 3 0 2 1 8 3 0 6 7 8 6 8 3 5 8 2 4 6 7 9 8 5 7 7 0 7 6 3 8 8 0 1 8 2 5 6 7 7 4 4 7 2 3 1 7 3 3 4 9 2 3 0 8 0 7 0 7 5 5 8 3 5 1 2 7 6 0 6 3 7 3 1 9 8 4 9 1 7 3 3 2 8 3 0 8 0 2 7 5 7 5 9 2 7 3 1 3 5 7 9 2 2 0 4 0 4 3 2 3 8 5 5 6 0 7 6 0 9 3 7 8 1 6 2 8 1 3 3 7 3 2 1 5 4 5 8 0 0 2 4 0 9 1 8 9 9 4 9 0 0 6 9 3 5 1 3 8 7 6 7 2 1 9 7 5 4 7 6 7 9 2 7 8 3 6 7 4 2 8 5 4 7 6 7 4 9 0 2 6 9 0 8 0 9 8 7 5 7 5 2 7 7 2 7 3 8 5 7 2 5 4 7 2 0 6 8 0 9 3 8 0 3 9 0 4 9 9 1 6 5 6 5 4 8 3 9 8 0 7 0 5 1 9 0 4 8 8 6 9 1 4 9 6 5 1 2 6 0 4 5 7 2 0 4 0 3 3 8 5 0 0 1 4 2 3 8 2 3 4 1 5 0 0 3 8 1 6 4 3 2 1 3 4 2 7 6 7 2 6 3 5 6 6 9 0 9 9 2 2 5 3 9 7 5 5 5 6 3 2 2 7 3 5 3 7 4 9 5 6 5 0 3 3 6 4 4 7 3 8 1 0 2 3 8 7 8 5 6 1 7 0 0 3 7 3 2 1 2 7 9 9 9 3 2 7 9 8 4 3 7 8 3 1 1 3 0 1 9 8 4 8 8 4 3 5 7 6 8 1 5 0 0 5 5 4 2 4 3 7 9 2 7 5 3 8 8 3 9 7 2 3 6 2 7 1 0 6 7 0 7 3 0 9 8 5 3 0 2 8 9 1 0 6 8 3 6 7 9 5 6 3 0 4 5 9 6 5 5 3 6 2 6 8 1 6 6 7 9 8 5 8 1 6 7 0 1 5 9 0 1 5 3 3 0 9 3 6 6 8 1 4 3 0 3 6 6 9 3 5 9 1 6 2 7 3 2 8 8 1 1 1 9 4 7 1 5 0 9 2 0 0 8 5 0 1 4 7 2 9 4 3 0 0 6 9 5 0 0 6 4 1 7 3 5 6 4 3 8 3 5 1 5 5 6 6 7 2 5 1 2 9 5 2 0 3 4 5 3 4 1 7 5 1 0 2 9 6 5 8 9 2 9 7 8 7 3 7 0 0 0 2 1 5 6 1 8 0 9 4 6 2 1 3 5 4 8 7 0 3 5 2 8 4 9 6 3 4 5 3 4 5 5 5 3 4 9 3 6 0 7 5 4 9 8 2 3 6 9 5 2 6 7 0 2 8 8 5 2 3 9 8 0 6 6 3 0 5 7 9 7 4 4 3 5 2 7 0 1 6 6 3 2 3 3 4 2 3 0 6 8 1 5 8 7 1 2 0 8 9 9 7 5 5 0 1 9 8 1 0 6 9 3 1 3 8 5 7 3 7 3 1 8 0 0 8 3 2 8 1 3 9 8 0 6 1 3 5 1 7 8 7 6 1 0 1 2 6 8 5 5 4 9 6 6 9 4 0 3 4 1 8 5 2 8 1 5 2 8 6 9 6 5 7 0 6 9 4 4 9 1 9 3 0 7 2 9 1 2 2 7 5 2 2 9 1 5 4 5 6 2 6 2 0 3 2 6 2 8 2 4 0 3 7 0 1 1 2 4 3 6 
2 1 9 6 0 2 4 5 7 0 9 3 4 9 8 9 7 3 7 9 7 7 5 6 0 6 8 2 2 3 0 4 4 9 3 5 1 9 2 0 9 1 3 5 1 4 4 8 7 4 0 4 1 5 2 3 3 0 7 5 4 8 2 0 9 7 5 1 6 7 3 7 9 9 2 2 3 9 2 2 3 2 6 4 9 0 0 2 1 7 8 7 7 2 7 7 9 5 0 5 2 3 2 3 2 6 7 7 5 0 9 8 2 7 5 2 8 5 6 1 4 4 8 2 6 7 1 5 2 1 2 7 6 4 2 1 3 0 8 8 2 8 7 4 5 2 8 3 9 5 4 3 1 4 7 0 4 8 7 8 1 0 5 8 6 0 9 9 0 9 8 2 7 7 8 3 9 9 8 8 4 5 3 7 1 1 7 5 1 5 4 3 5 1 1 3 1 2 3 3 1 3 7 1 0 6 6 9 7 4 9 3 1 4 0 3 5 8 0 9 5 6 2 2 8 5 5 1 9 8 5 0 1 2 1 1 0 7 2 7 4 3 0 7 8 3 2 5 1 3 4 8 1 8 0 9 3 5 3 2 6 8 5 7 2 8 1 5 8 5 4 2 9 5 9 9 8 4 6 1 7 1 1 8 1 1 0 5 8 3 9 4 3 4 2 5 3 5 2 1 0 7 5 9 4 6 0 4 0 7 5 7 0 6 8 1 9 0 6 7 5 8 2 8 2 6 5 5 3 8 8 3 5 3 5 1 0 5 5 2 2 0 2 2 8 0 6 9 2 4 6 7 2 0 5 5 8 2 2 1 2 3 5 9 6 2 0 8 7 5 1 2 7 5 6 5 5 2 6 9 7 3 6 9 5 3 6 4 7 9 5 0 2 2 9 0 4 0 1 4 5 4 6 3 9 2 0 6 7 7 5 4 2 3 5 9 6 2 3 3 3 1 3 7 5 5 9 0 5 0 4 2 4 2 5 5 6 8 1 3 7 8 7 9 1 5 8 7 7 4 3 2 7 8 9 2 3 8 4 0 9 0 3 5 2 0 1 9 8 4 2 5 3 2 6 4 7 7 4 6 3 9 8 0 9 7 2 3 7 9 5 8 9 8 4 2 1 7 3 9 3 7 7 6 9 3 3 8 2 9 4 5 8 4 5 7 3 0 2 1 9 0 1 8 8 7 2 1 4 7 1 0 5 0 8 6 5 1 5 8 0 1 3 0 8 9 0 1 1 4 4 0 4 6 0 5 3 5 6 0 2 9 0 9 9 8 6 5 2 3 3 4 6 8 7 4 7 7 8 8 1 2 0 8 8 3 3 4 8 1 4 2 1 6 2 2 4 0 9 8 5 2 3 1 3 0 8 2 9 6 3 2 8 3 0 9 6 5 3 6 7 7 1 8 3 5 2 9 5 2 0 0 6 3 3 9 5 1 2 4 7 5 8 8 0 9 7 9 6 0 5 3 9 8 3 4 3 6 5 8 8 5 0 6 0 4 6 7 5 0 3 5 5 2 3 5 3 2 4 9 4 2 3 3 0 8 9 4 6 6 4 6 4 5 3 4 1 9 4 8 9 7 3 6 9 8 3 4 0 8 4 4 2 9 9 4 9 0 0 6 7 5 2 1 2 5 7 3 6 3 3 7 1 7 5 2 7 9 7 8 9 3 4 1 4 4 5 3 4 8 9 3 3 4 4 7 1 4 2 8 7 5 7 0 4 3 3 2 2 2 2 1 7 6 4 1 0 1 6 5 9 6 8 4 2 5 1 3 1 3 3 0 1 1 1 5 6 6 7 0 0 9 3 7 6 7 8 8 0 4 5 2 2 6 6 6 3 0 0 4 5 3 6 6 6 9 4 4 7 3 4 7 3 9 4 1 8 4 1 9 1 7 1 3 3 9 0 8 1 2 4 9 7 0 7 6 2 1 0 9 5 7 9 0 6 3 3 5 0 4 6 1 3 9 6 6 8 6 4 2 0 8 1 8 1 8 4 3 2 6 4 7 3 3 7 2 9 2 7 9 6 3 0 0 2 6 8 2 5 5 6 5 5 9 5 6 8 1 1 2 8 6 9 3 1 8 5 0 0 4 9 8 7 1 8 1 0 9 6 5 4 2 2 1 2 0 8 2 1 1 4 1 9 5 5 1 5 2 3 5 7 3 5 6 6 6 0 6 5 6 3 1 0 8 2 4 8 2 6 1 4 2 3 5 9 0 8 4 2 2 1 1 5 7 8 3 3 0 0 0 
6 3 1 8 1 5 3 1 8 9 3 4 4 6 1 3 6 0 8 0 2 1 2 9 8 0 2 3 0 2 5 8 8 6 6 1 4 9 3 2 1 6 8 7 2 9 0 0 9 0 0 3 2 2 2 2 4 7 6 6 1 1 4 9 0 3 1 4 4 6 8 7 2 8 4 6 7 7 6 9 7 8 4 1 1 7 4 7 6 2 4 7 3 0 9 5 5 2 1 0 8 9 9 2 7 4 8 7 1 6 6 0 4 0 2 7 9 6 5 7 8 1 5 3 1 4 9 7 6 0 9 6 2 8 8 9 4 6 8 7 4 4 8 8 7 0 8 8 8 5 6 8 6 3 1 9 7 2 8 5 5 9 1 7 8 9 8 2 7 7 0 1 3 0 1 2 2 1 1 0 6 9 0 4 2 1 6 9 6 6 6 1 6 9 0 4 0 0 8 7 7 0 0 3 0 3 5 4 5 6 4 3 7 4 0 9 8 8 0 6 4 6 9 0 5 9 6 5 9 5 4 9 7 4 2 0 0 9 4 7 8 1 2 5 7 2 5 7 2 5 3 7 4 2 9 9 3 6 5 5 3 1 6 0 6 0 0 8 9 7 5 7 8 7 5 5 2 0 3 4 7 8 3 1 1 3 1 6 9 8 1 2 1 7 4 7 9 5 5 9 2 2 8 2 0 3 7 2 5 2 8 3 1 2 6 4 7 9 0 6 9 4 0 1 1 4 0 3 1 8 2 5 0 0 7 0 6 7 4 1 9 5 6 2 7 5 6 4 4 7 2 4 3 2 5 6 8 7 9 0 5 1 5 6 4 3 8 2 2 3 5 3 8 4 6 7 9 4 3 3 1 7 9 6 1 6 3 9 4 2 9 9 4 5 5 0 0 4 2 4 9 7 7 9 1 3 6 2 8 1 6 1 8 5 8 9 4 1 8 8 3 0 7 9 7 5 1 9 1 3 3 0 3 0 1 6 6 7 9 6 0 7 9 8 4 7 9 8 0 9 6 6 9 6 7 6 3 9 5 4 4 0 6 9 3 7 6 9 6 7 5 6 4 6 6 8 4 5 9 6 4 5 4 6 3 4 4 6 3 2 2 9 2 0 9 5 9 7 6 5 4 3 3 0 0 1 0 6 8 9 2 5 7 9 1 0 3 5 9 8 7 1 7 2 4 8 7 3 5 6 1 1 9 6 1 9 8 4 5 6 3 0 1 2 9 2 3 4 0 2 2 9 5 9 1 1 8 1 5 5 7 8 7 6 4 0 8 2 6 3 1 0 5 2 4 4 7 7 0 9 1 2 8 9 4 0 0 4 1 7 9 8 5 8 6 0 1 4 4 7 0 5 9 5 0 4 2 9 1 2 8 5 5 6 4 1 8 6 5 9 4 4 9 9 5 8 1 6 2 6 3 2 3 3 0 3 7 2 2 0 4 0 7 1 9 1 2 7 0 7 9 4 4 0 3 9 8 7 5 3 3 0 7 6 3 7 2 2 9 4 5 6 7 2 7 8 6 2 7 6 1 6 0 5 9 5 6 7 2 3 2 7 4 0 6 9 7 8 4 9 4 9 7 3 1 6 1 7 8 9 3 0 7 5 7 6 3 6 6 5 1 8 5 5 0 1 7 8 9 1 9 3 0 6 7 3 2 0 1 3 1 6 5 9 4 4 7 7 0 5 4 2 6 9 9 6 0 6 6 1 7 5 7 9 3 6 3 8 6 6 1 8 4 6 9 8 0 8 7 3 6 2 5 2 3 6 8 6 3 7 7 2 4 6 2 8 2 7 6 1 5 9 1 9 5 0 0 7 0 7 0 6 1 5 8 5 2 9 3 7 8 2 9 2 9 3 2 3 2 8 4 7 9 5 9 4 7 9 2 8 8 2 6 0 0 7 7 4 8 0 1 6 4 2 8 3 8 1 9 0 1 3 0 1 9 9 7 8 8 1 8 6 4 5 8 6 4 7 0 2 9 3 8 4 7 8 9 5 1 8 8 5 2 8 8 3 7 7 3 5 9 2 3 5 9 4 1 3 1 3 5 1 8 5 5 5 5 4 1 7 3 9 4 7 7 2 0 6 9 3 3 0 7 6 5 6 0 8 9 2 1 6 3 9 1 0 7 7 4 8 6 9 9 0 6 8 4 8 4 5 4 7 6 3 5 1 0 8 0 1 2 3 8 5 5 1 7 2 0 1 2 8 3 1 0 1 1 4 2 7 2 8 6 8 1 1 1 1 1 3 
5 3 7 3 0 4 6 7 6 7 1 8 5 4 1 6 7 4 2 9 1 4 7 9 4 9 2 6 2 4 9 7 7 8 2 8 2 9 7 0 8 8 0 5 2 3 3 0 7 8 1 0 4 9 1 9 0 4 5 4 8 6 4 7 7 6 5 1 7 3 2 7 3 4 5 8 0 8 8 9 6 1 0 1 0 3 2 2 7 9 7 5 5 1 5 4 7 2 6 7 7 0 6 1 6 1 9 6 0 9 6 8 0 8 1 1 1 3 3 9 2 2 6 0 3 1 4 3 4 2 0 3 4 6 4 1 0 3 7 0 2 5 0 5 3 4 6 7 9 1 6 4 4 4 4 9 8 0 2 4 5 4 7 9 3 2 0 3 7 0 5 2 5 7 7 1 1 5 8 1 6 6 7 2 2 1 4 0 3 6 4 0 1 4 0 6 8 2 9 5 2 4 7 0 3 4 1 5 9 1 8 8 7 5 2 9 8 6 2 3 5 8 4 6 2 6 2 0 8 3 8 3 9 5 5 2 2 6 9 3 9 7 1 6 4 6 7 4 2 9 8 7 8 4 5 2 0 9 3 0 4 1 5 3 8 0 8 0 8 7 4 7 7 7 3 1 3 3 6 8 2 6 7 0 0 5 3 2 4 8 4 9 1 0 4 9 0 2 2 1 0 8 8 7 7 4 0 1 7 8 1 1 6 0 4 8 5 9 0 0 7 7 1 0 7 7 1 9 0 5 0 2 3 1 9 1 5 1 4 4 2 7 5 8 7 1 7 3 0 9 5 7 6 8 9 5 5 1 5 5 6 5 7 2 6 8 5 3 2 9 9 4 8 7 4 5 8 3 0 9 3 7 8 1 5 8 7 1 9 2 8 7 9 8 9 8 8 4 3 2 5 3 6 3 2 3 1 0 6 1 1 9 9 0 3 6 0 0 9 1 4 0 8 5 0 8 3 8 4 9 1 0 2 9 5 4 2 6 6 1 0 8 2 1 8 5 9 0 7 9 1 3 9 9 9 1 9 4 9 4 3 2 6 7 4 1 3 8 0 0 9 2 8 2 5 8 9 4 8 7 5 9 0 6 0 1 7 0 6 9 6 9 3 4 7 7 7 2 8 9 2 7 1 2 1 8 2 1 5 2 0 2 3 2 9 4 4 8 6 2 7 4 1 1 8 0 0 5 5 8 5 7 8 8 2 1 9 4 4 6 7 4 8 0 9 9 6 5 8 2 7 7 8 0 8 6 3 1 4 8 1 1 7 9 9 9 1 0 4 5 6 3 2 5 5 3 4 4 8 4 8 5 2 7 7 2 3 0 3 7 8 5 8 6 6 0 7 7 2 3 5 9 6 9 6 4 2 0 8 0 5 6 7 7 5 4 9 9 7 5 8 5 0 9 3 6 1 1 6 3 4 3 2 3 2 8 9 6 1 9 8 8 5 5 5 1 1 6 2 8 1 2 6 3 1 1 2 2 2 0 8 9 3 0 4 7 1 3 3 4 4 1 2 1 8 7 2 9 5 6 0 9 9 6 4 2 7 8 7 2 8 5 3 3 7 9 2 0 4 5 4 8 8 6 9 8 5 4 8 1 0 0 2 1 6 6 6 5 5 3 7 5 0 2 9 7 1 3 0 5 1 4 3 9 1 3 0 6 7 0 9 9 0 1 3 8 0 9 3 5 4 3 2 4 5 3 3 7 7 3 4 8 8 8 9 1 3 9 9 0 9 9 1 9 2 4 7 2 3 3 7 7 6 2 3 3 5 7 0 2 2 7 0 2 5 2 5 8 1 5 0 3 4 1 4 6 8 4 1 3 7 0 1 3 2 6 8 8 5 9 0 8 6 3 2 3 5 8 3 8 3 5 1 9 8 6 7 6 0 8 0 9 9 3 4 1 9 2 9 5 3 2 5 1 7 7 4 2 5 7 0 8 4 4 7 3 0 7 9 2 5 9 1 6 4 7 8 4 9 9 1 3 3 6 4 0 3 1 2 9 0 5 9 5 9 9 8 1 6 7 5 3 9 8 0 5 5 0 9 4 9 0 9 5 8 4 5 2 5 0 3 5 7 2 0 6 3 0 9 9 0 4 5 1 2 5 6 7 5 6 3 6 8 3 1 7 9 9 1 4 9 4 1 6 8 4 4 4 4 5 3 4 1 8 5 3 5 4 2 0 0 7 9 0 0 0 9 9 1 2 5 2 8 9 0 9 3 4 3 9 1 8 4 2 9 1 7 4 5 9 
7 7 7 6 0 9 8 9 1 0 4 6 2 2 5 3 1 0 9 4 0 1 3 6 5 2 7 3 6 5 4 5 4 1 1 4 3 2 6 4 2 0 2 6 2 0 1 4 0 3 0 2 6 3 8 1 7 6 4 4 3 9 9 7 2 3 4 7 5 0 3 9 2 6 5 4 8 9 0 0 2 1 3 8 6 1 1 4 9 8 0 4 9 1 2 3 4 8 1 1 8 6 0 0 4 8 6 2 9 9 3 1 2 8 1 8 9 4 4 1 2 6 5 3 8 7 7 4 7 0 6 5 6 8 7 1 6 6 3 5 5 8 8 9 6 1 9 8 6 4 9 8 0 4 2 0 4 1 5 1 1 1 9 7 1 6 8 8 4 4 5 1 2 4 0 1 5 0 9 3 4 8 2 6 4 6 7 8 9 4 0 0 7 9 9 8 7 8 6 4 4 4 5 6 8 6 9 5 6 8 9 2 8 3 0 3 1 9 1 0 3 3 2 0 4 1 9 2 1 7 6 5 1 3 4 1 9 3 9 7 4 8 1 4 3 4 7 4 3 1 6 7 6 8 9 1 9 0 5 3 8 1 8 1 6 2 5 6 8 4 5 4 4 9 8 7 3 8 1 6 9 7 5 5 7 5 8 6 5 3 1 5 6 0 9 3 4 6 1 4 0 6 8 6 7 9 3 0 7 6 7 8 5 4 5 2 9 4 0 7 7 2 4 4 4 3 9 8 1 0 5 1 8 3 9 6 2 2 6 1 0 5 9 5 2 5 9 1 1 0 0 8 4 5 4 8 0 3 8 2 5 3 5 4 9 5 2 3 9 0 5 0 8 4 5 0 1 5 1 2 7 4 3 1 9 7 1 1 3 9 3 8 5 1 4 4 8 6 7 7 7 2 7 5 9 5 5 2 2 8 7 9 2 0 2 3 9 5 5 4 4 0 3 1 3 9 5 1 6 5 9 3 7 8 0 8 3 5 1 5 5 0 6 8 0 0 3 1 5 8 6 2 1 1 3 6 0 1 8 8 6 9 3 5 7 3 4 3 0 7 0 6 9 7 4 1 9 9 2 7 0 0 9 1 3 4 7 4 7 7 4 3 6 8 9 6 3 5 9 4 4 9 0 3 8 6 4 0 5 8 7 5 9 8 8 2 2 8 8 2 7 5 5 4 3 6 2 6 3 1 2 9 2 2 4 1 0 0 3 8 9 0 3 0 8 4 4 2 4 5 4 1 2 2 7 5 0 9 3 4 0 8 5 5 2 0 6 3 2 1 3 3 1 6 5 1 2 2 3 6 7 0 8 9 4 7 6 4 7 1 0 7 1 6 4 4 8 2 9 0 3 2 6 4 0 1 5 3 3 1 1 2 3 1 3 7 9 1 3 6 3 4 5 4 2 0 0 2 2 9 4 6 1 0 2 2 2 0 5 7 1 8 0 6 0 5 5 9 7 8 5 0 4 2 6 6 2 7 8 7 6 5 3 0 5 7 2 9 7 9 9 0 7 9 6 7 4 1 8 3 2 5 3 8 8 2 5 2 1 5 9 9 0 4 9 8 2 1 9 9 0 8 0 8 7 8 7 4 2 8 7 6 3 3 4 1 7 9 6 8 7 7 7 9 2 7 9 6 0 9 7 1 7 9 1 7 8 0 3 2 8 2 8 2 7 2 5 4 4 3 4 3 1 2 2 5 1 4 1 1 3 0 4 0 0 7 9 0 8 2 2 6 7 0 0 4 2 8 9 8 1 3 1 4 7 6 9 0 0 2 2 5 3 8 7 5 6 7 5 4 1 7 2 8 9 5 3 3 3 4 2 6 9 5 1 9 1 2 9 3 5 3 8 0 2 6 7 8 5 2 4 6 1 6 7 0 3 2 3 6 6 7 5 7 3 8 6 4 0 6 0 7 1 8 9 3 6 6 3 3 8 7 2 9 6 9 1 9 1 5 8 9 2 3 6 7 3 5 2 3 3 4 3 4 2 2 0 1 1 3 4 9 1 6 1 9 7 2 8 8 9 8 9 4 3 8 1 6 3 5 2 8 9 5 2 4 9 4 5 0 8 1 2 1 8 3 0 7 7 0 8 9 9 7 5 4 7 8 1 0 6 3 0 7 0 3 1 9 7 8 0 7 0 2 8 0 7 0 7 6 3 5 5 2 5 2 8 2 1 9 5 7 4 5 4 4 0 8 6 0 6 6 7 8 0 8 0 9 8 0 5 1 7 3 5 2 7 4 7 8 
5 2 7 0 9 4 6 0 2 2 0 0 0 7 1 2 5 3 1 6 3 9 7 1 2 5 5 1 9 4 0 4 6 9 6 8 3 3 8 7 5 0 8 6 9 1 8 7 4 2 3 8 1 2 1 5 7 8 6 8 3 8 5 1 8 1 9 1 4 7 9 0 9 9 8 9 2 8 8 6 0 1 6 1 5 9 6 5 8 5 3 1 3 8 2 1 0 2 5 6 1 4 6 1 5 6 2 7 5 0 5 5 3 4 7 8 3 5 5 1 0 1 2 4 1 5 5 3 9 0 0 0 6 6 3 3 5 7 2 0 7 0 5 2 4 4 1 7 2 8 9 2 9 3 8 1 8 6 4 9 8 4 0 7 3 5 2 8 3 5 0 2 5 5 5 1 2 8 8 4 6 9 8 6 3 7 9 1 5 3 3 3 0 5 2 5 0 5 3 3 2 5 8 9 0 3 0 4 1 8 8 7 8 9 5 1 6 4 4 3 0 7 8 2 2 1 7 5 6 2 0 8 7 8 7 9 1 9 4 2 7 4 2 7 3 7 0 9 4 5 4 4 4 3 6 9 4 5 4 2 7 6 2 4 5 9 3 6 8 7 1 7 2 3 7 5 2 7 7 6 4 3 2 9 6 0 0 0 5 6 4 2 2 6 8 9 7 2 8 7 1 9 5 5 4 4 3 6 1 2 5 6 5 9 7 2 0 7 4 7 3 9 0 7 7 0 7 5 2 5 2 6 6 9 3 0 3 6 8 5 8 3 3 6 3 0 8 5 9 4 2 2 5 4 1 3 5 8 8 9 3 2 5 1 4 9 1 9 7 0 6 8 5 9 4 0 1 2 7 0 8 0 4 4 6 6 9 1 4 9 1 0 1 8 1 7 7 5 7 7 7 3 5 4 5 9 5 6 3 4 7 1 6 1 7 3 7 6 4 4 5 5 6 9 6 7 6 5 2 3 2 1 9 7 6 4 6 3 2 9 7 9 3 4 3 0 7 2 9 1 6 4 9 2 3 7 2 0 2 6 5 5 8 6 2 4 2 1 7 5 2 6 6 5 0 1 8 9 4 7 3 2 3 2 7 7 1 9 9 3 7 4 8 5 3 3 1 5 4 0 0 8 9 9 6 9 0 4 9 4 3 2 7 6 6 6 5 9 7 4 2 4 1 3 2 4 6 5 9 2 8 2 0 7 1 6 6 1 2 7 8 5 1 7 4 9 3 9 8 0 4 1 4 5 4 8 1 2 4 0 4 2 2 6 9 5 3 7 7 5 5 5 3 8 2 7 8 7 6 8 7 0 1 3 7 5 2 8 7 8 1 3 2 5 0 1 1 5 0 0 0 7 7 5 6 1 2 6 8 1 4 7 1 6 2 1 3 6 1 3 4 2 6 6 0 8 9 3 3 0 3 6 9 2 1 5 3 6 3 3 7 8 0 0 6 4 1 1 1 5 4 5 7 3 4 9 3 5 2 7 7 5 5 7 7 8 2 2 4 6 5 3 6 7 4 4 2 7 5 3 2 2 0 2 7 4 1 0 2 4 9 9 1 6 6 1 5 9 3 1 7 1 5 5 8 1 1 2 0 6 5 3 0 8 7 7 4 0 0 6 4 1 6 8 8 2 9 3 3 4 6 0 5 3 7 4 4 8 8 5 7 6 0 7 4 7 7 8 9 9 5 4 0 3 4 8 5 3 3 9 7 2 1 3 5 1 9 2 9 9 7 8 5 9 6 9 8 5 0 7 4 7 3 6 0 7 7 7 2 2 6 0 4 0 5 0 1 6 2 2 5 1 1 1 0 9 2 8 6 2 5 0 9 1 8 1 8 5 9 1 8 7 3 2 7 0 4 0 6 8 5 3 9 6 6 1 7 9 1 3 1 9 5 3 0 3 4 8 1 5 1 9 3 4 3 0 4 8 3 0 6 8 6 8 6 2 9 5 1 1 8 5 2 5 0 2 8 6 0 9 2 2 0 5 8 4 7 3 4 2 5 0 2 1 0 8 6 2 5 7 3 3 4 7 8 4 9 9 1 1 0 5 5 1 0 4 5 9 7 9 2 4 1 4 8 4 5 4 6 0 1 1 6 8 8 4 2 7 5 5 8 6 0 4 7 2 8 4 2 7 5 4 3 8 0 1 2 5 5 8 6 9 1 4 7 9 8 1 6 6 9 7 2 1 1 1 4 1 7 8 0 2 4 3 2 4 7 5 2 4 5 0 5 7 4 2 6 4 6 5 
0 5 4 4 8 7 5 2 8 2 2 0 6 6 5 1 3 4 6 5 9 3 7 4 2 1 9 1 5 5 6 8 2 0 2 0 9 0 5 9 4 7 9 1 6 6 2 1 1 0 6 0 5 5 6 8 6 5 9 3 2 7 1 4 9 4 7 8 4 4 7 8 3 8 1 1 4 5 2 5 7 0 7 3 5 4 3 1 1 2 7 4 1 8 0 0 4 9 0 0 3 7 1 9 5 4 0 1 0 3 9 9 5 6 2 1 2 7 4 4 9 1 0 2 2 0 2 6 0 2 9 5 1 0 4 8 4 7 0 6 2 9 6 7 7 0 0 0 8 5 6 9 8 6 2 2 6 6 1 8 1 0 4 2 0 0 3 6 7 3 5 9 4 3 9 1 5 9 3 3 4 1 5 5 7 9 7 6 7 8 6 8 0 2 3 2 3 6 9 2 1 6 4 5 9 3 8 4 2 4 0 9 5 5 6 5 6 3 3 3 4 1 4 4 4 7 7 9 3 8 3 6 4 7 1 5 0 1 9 5 5 9 6 3 6 2 0 4 5 5 8 1 6 2 8 0 1 7 1 6 7 5 2 1 2 5 6 5 6 7 2 4 7 8 9 5 0 9 0 7 4 8 1 0 2 9 3 5 8 4 1 5 1 3 8 6 0 4 3 8 3 5 2 0 5 1 8 5 2 8 4 6 8 5 9 0 6 4 5 4 8 8 9 0 3 7 6 3 3 9 1 9 6 4 9 1 7 7 8 2 7 2 0 5 8 9 7 6 3 4 1 4 2 2 6 5 2 4 8 5 5 2 4 1 8 6 4 7 5 2 9 5 4 0 0 4 1 8 1 7 4 2 3 7 4 9 4 6 5 5 4 0 7 0 3 5 8 7 2 6 9 4 1 5 4 3 0 7 3 1 4 8 5 7 5 1 8 1 0 3 6 6 5 5 8 8 2 7 7 7 5 6 1 8 4 7 1 4 4 5 7 9 3 2 8 0 5 7 1 5 2 0 1 8 5 0 6 8 9 4 5 6 2 8 4 6 5 5 2 9 2 9 0 5 3 9 7 9 6 1 4 8 1 8 8 8 0 5 6 1 1 3 7 3 1 3 2 6 8 4 8 3 4 8 8 9 7 8 8 5 9 5 6 0 3 4 0 5 1 7 6 2 2 5 6 6 8 8 2 8 4 2 1 0 1 2 0 0 0 8 6 9 5 4 1 0 0 1 5 2 0 3 4 5 8 2 1 8 0 5 7 7 8 0 7 1 2 7 1 4 8 9 5 3 3 6 4 4 0 9 6 2 5 2 7 3 5 0 4 7 6 1 4 6 1 2 7 6 9 0 0 9 0 6 3 5 4 7 9 6 8 7 9 5 0 8 1 7 9 5 4 7 6 1 3 9 3 2 7 4 2 8 4 4 6 9 0 0 6 9 7 6 9 8 2 1 6 3 8 7 8 4 6 6 5 1 7 8 3 5 5 8 3 1 2 1 0 2 1 8 4 0 4 3 0 8 6 7 1 4 6 1 0 3 9 6 4 7 6 0 2 1 8 7 4 2 8 4 5 1 2 1 4 9 6 4 7 2 3 1 8 0 4 8 5 4 4 9 1 3 1 5 6 1 4 1 4 4 5 1 7 0 2 1 9 8 6 8 2 9 1 0 1 6 8 6 0 5 8 3 0 1 0 6 3 4 7 7 0 5 8 7 7 2 9 8 2 7 6 4 8 8 4 0 6 4 8 6 1 8 1 1 0 1 8 3 7 7 2 9 2 2 6 1 4 7 9 8 6 8 2 5 6 8 7 4 2 5 0 6 6 3 7 6 6 7 1 5 5 3 4 9 5 2 3 1 0 2 9 8 0 1 3 8 1 0 2 5 8 4 1 4 7 1 0 3 8 1 8 5 6 4 7 1 7 0 4 9 4 3 7 5 6 3 5 7 3 8 2 1 2 4 5 2 7 7 7 7 0 8 3 6 2 2 7 1 4 3 2 8 6 0 3 2 3 9 1 8 9 4 2 3 0 7 5 7 7 3 4 7 1 9 4 3 3 3 7 7 7 9 6 5 1 1 0 6 2 1 5 1 7 7 5 7 6 2 6 3 5 3 3 8 4 9 2 8 2 1 7 1 0 3 7 2 7 7 8 9 0 5 3 8 2 8 7 1 0 6 6 8 9 9 6 3 8 0 3 3 1 1 4 4 6 3 6 3 2 6 3 3 2 6 3 4 6 0 7 8 6 4 
6 7 3 5 3 4 5 6 7 9 9 3 3 6 7 9 9 1 5 4 6 9 2 9 6 8 2 3 9 0 7 7 8 3 2 1 7 0 9 6 9 9 1 2 5 0 1 6 2 8 1 8 8 3 8 4 4 2 7 5 2 7 2 0 2 7 3 9 7 3 7 6 2 8 8 9 9 1 5 3 9 6 1 9 2 1 5 8 3 5 3 6 2 7 8 4 4 2 5 1 7 4 7 1 4 7 0 3 8 7 8 0 4 0 9 8 3 7 6 9 2 1 7 6 8 5 2 3 9 9 6 8 3 4 9 7 1 1 3 2 9 1 2 5 3 3 3 9 0 1 8 2 4 5 0 2 2 2 7 4 1 4 4 4 0 4 4 3 7 9 5 6 0 7 3 6 3 8 7 3 9 5 8 3 2 8 8 6 1 5 2 2 9 7 9 9 3 3 5 0 2 0 9 4 0 2 2 3 1 9 8 0 6 6 6 0 5 4 7 8 1 1 2 1 8 1 2 1 6 7 4 0 0 3 7 0 5 1 5 6 1 3 9 9 2 7 0 7 3 7 7 4 8 9 7 9 1 0 2 9 9 6 0 1 9 9 3 5 0 8 3 3 4 4 3 6 1 3 5 6 2 4 1 2 3 8 1 6 0 4 6 2 0 8 3 2 9 7 9 9 7 4 3 1 9 6 9 2 1 6 9 3 2 2 5 6 0 9 2 3 5 0 5 7 0 8 9 9 5 0 9 3 5 4 6 6 2 8 8 3 6 9 6 9 1 3 5 4 4 9 7 9 0 2 7 0 2 8 2 0 9 1 3 4 5 1 0 7 1 0 2 8 2 8 9 5 3 6 9 8 5 8 9 7 2 8 0 5 7 2 5 6 5 0 2 2 3 4 1 5 6 3 5 8 3 4 4 6 2 5 6 7 4 6 7 6 4 9 3 3 3 0 1 8 0 3 0 6 9 1 1 6 4 8 4 7 4 0 5 6 6 2 5 0 0 2 8 6 3 4 0 6 4 1 4 5 5 6 3 6 9 4 2 3 4 9 2 8 9 0 4 5 4 1 7 4 6 8 0 9 2 0 6 6 2 2 3 9 9 6 5 8 2 0 4 6 9 8 6 0 8 0 6 2 4 5 8 0 3 9 9 7 1 7 6 3 0 9 4 1 8 2 9 2 2 5 1 3 4 7 3 4 0 1 9 4 7 7 4 2 8 5 0 0 3 8 5 3 9 0 4 7 4 5 2 6 3 3 1 9 2 4 3 2 8 2 6 7 2 2 9 0 8 1 0 1 9 6 6 9 8 2 8 2 7 2 0 2 5 1 1 8 7 5 2 5 9 1 2 1 3 4 4 3 5 4 6 7 2 4 8 0 6 8 2 6 1 2 8 8 5 0 6 3 7 1 8 6 2 1 0 7 5 4 1 2 0 9 1 3 4 9 5 2 8 8 8 1 2 9 9 8 9 8 1 8 9 1 6 1 2 6 8 9 2 1 4 5 1 5 8 7 5 3 9 5 3 0 6 8 9 5 8 0 3 9 8 4 2 4 5 5 3 6 6 7 7 0 2 0 6 2 9 3 8 1 8 1 1 6 9 2 3 7 2 9 8 2 3 1 6 9 8 1 7 6 9 4 7 3 7 3 6 6 8 4 7 6 7 0 4 9 2 7 8 6 6 7 8 0 0 7 1 0 8 8 6 9 4 3 3 3 8 1 0 6 5 9 4 4 2 0 3 4 8 2 1 6 1 1 6 3 8 9 3 9 9 1 8 6 5 3 9 5 6 1 4 1 3 0 8 5 1 1 1 1 3 2 7 4 6 6 7 4 5 2 3 7 4 4 3 1 9 2 8 6 4 2 9 7 5 7 4 8 9 5 9 4 0 6 1 6 2 0 0 0 3 6 7 7 2 0 0 3 4 8 9 0 3 1 7 8 8 3 8 9 9 7 4 9 3 7 5 6 7 7 6 0 5 3 9 9 5 9 3 9 0 2 0 3 3 9 3 4 3 1 5 2 8 1 3 1 8 8 9 6 7 5 6 3 0 8 2 5 7 5 7 9 0 9 2 5 8 7 1 3 0 7 7 0 8 0 2 7 0 3 3 8 1 1 1 1 9 5 9 9 3 6 8 3 5 3 0 5 0 2 1 1 9 8 3 7 1 7 6 1 1 9 9 2 3 2 3 2 0 4 1 3 0 2 8 7 5 8 5 7 0 6 8 1 6 2 1 7 9 7 9 2 9 8 
4 4 3 0 6 3 4 0 8 7 2 6 6 9 6 1 6 9 9 7 0 6 1 3 3 2 3 2 5 4 3 1 8 6 1 6 1 8 6 9 5 0 7 3 9 3 5 8 2 4 5 5 0 6 8 4 0 1 8 5 7 1 7 5 9 0 2 0 0 0 1 7 3 8 1 2 4 8 2 6 2 7 1 5 5 2 1 6 5 9 3 3 3 2 0 2 3 2 5 5 5 8 3 8 7 4 2 3 2 5 9 6 4 3 1 0 5 4 8 2 6 1 7 9 4 8 3 9 2 8 4 7 7 7 5 6 3 8 9 5 5 0 4 9 5 7 9 2 2 7 5 8 1 2 9 5 0 2 4 3 3 8 2 2 8 8 0 1 8 1 9 5 1 3 4 7 0 6 9 4 5 6 4 6 9 3 1 1 8 7 6 3 8 9 5 6 9 5 9 9 6 8 4 9 3 8 6 6 6 8 0 2 4 7 8 5 2 2 7 0 9 3 3 7 2 0 5 3 5 5 2 3 5 6 3 1 7 1 7 3 9 9 7 6 6 8 1 9 0 8 9 1 4 5 1 8 5 6 2 3 3 4 6 1 3 9 2 2 1 9 7 2 8 5 8 7 3 2 6 5 0 7 6 6 4 7 5 0 6 7 5 9 3 1 2 8 3 4 0 6 5 0 0 6 5 9 3 0 3 9 5 3 6 1 2 3 9 7 3 5 6 0 6 1 3 9 0 8 5 2 4 1 2 7 7 7 6 0 9 1 1 4 4 9 6 8 2 7 5 7 4 1 7 2 5 1 1 5 9 9 7 6 0 0 3 9 9 1 9 9 2 0 3 8 9 1 7 4 0 4 1 4 8 9 7 3 2 0 8 3 9 7 9 1 9 4 0 9 7 9 0 9 1 5 0 3 9 9 7 9 3 8 6 1 9 3 4 3 5 4 7 7 2 8 8 3 5 9 2 2 0 4 4 2 0 4 7 9 3 6 0 6 4 6 0 6 9 4 9 7 1 8 4 5 7 2 8 2 3 3 4 4 7 8 8 9 4 5 8 7 1 9 6 7 5 6 5 7 2 5 6 3 3 0 0 2 2 9 4 8 2 1 2 1 1 0 1 6 7 1 5 0 2 1 7 0 9 5 7 4 0 3 7 5 5 0 0 9 9 6 7 3 7 9 4 1 1 5 9 8 7 4 8 9 8 8 9 7 3 8 3 5 3 3 2 8 3 4 8 2 1 7 5 0 7 9 1 8 7 0 9 6 7 9 5 5 7 7 4 2 7 8 9 1 1 4 1 4 8 1 6 9 9 3 0 6 4 3 6 1 4 5 7 1 7 5 8 4 4 2 9 1 2 0 4 3 4 6 9 5 9 7 4 8 0 6 6 7 2 3 8 6 0 8 9 7 3 9 4 9 3 5 0 6 5 5 9 2 3 1 7 2 8 3 3 9 0 9 6 2 4 6 0 7 6 1 4 1 0 0 0 5 7 3 1 5 8 3 7 3 4 6 7 2 9 0 3 1 0 1 3 6 0 5 3 6 8 0 8 0 0 8 6 8 1 7 5 1 2 2 6 6 8 4 9 7 6 4 1 8 6 4 5 6 2 0 2 2 0 2 3 1 3 1 1 4 0 6 8 3 0 6 9 0 0 0 7 9 5 8 7 3 5 4 9 9 5 3 3 5 6 6 8 9 9 1 5 0 9 5 3 1 2 4 1 4 5 1 3 2 1 3 5 8 9 6 7 4 9 3 2 7 9 2 8 1 6 6 1 5 1 6 7 5 0 8 0 7 1 5 9 3 8 6 1 8 2 1 4 4 4 8 3 5 1 4 6 7 0 7 4 3 5 3 9 8 4 1 5 5 6 7 8 5 5 0 5 0 3 1 4 7 0 9 2 3 3 9 2 5 8 8 1 6 2 0 4 6 1 1 1 7 8 2 4 4 2 1 4 7 3 0 4 5 1 8 8 5 9 2 2 8 0 3 6 2 5 0 0 6 1 2 6 2 4 2 8 8 4 4 5 9 4 1 4 5 9 4 2 9 6 5 9 8 0 5 1 6 7 1 4 8 5 2 2 1 5 0 1 1 4 8 0 0 9 6 8 9 0 0 0 8 7 9 6 8 4 9 6 3 3 0 1 0 3 4 2 0 6 3 1 1 4 3 3 3 9 1 4 1 4 4 9 3 5 7 1 1 7 7 4 0 0 6 0 3 2 4 3 0 0 6 1 4 9 5 9 8 8 4 
1 2 0 0 6 6 7 9 7 6 9 4 8 9 0 1 4 4 5 7 4 5 3 8 1 4 5 1 4 3 7 5 8 9 7 6 5 6 5 5 3 6 9 1 7 1 2 1 7 0 0 3 7 5 1 9 9 8 2 3 2 9 0 2 8 7 8 6 6 5 3 9 2 2 2 9 5 7 3 2 7 3 7 4 9 9 5 8 7 7 4 1 8 6 3 9 4 3 7 2 9 0 1 3 4 5 4 1 2 7 5 1 1 2 8 0 1 5 0 1 3 4 2 3 3 8 4 9 3 1 1 2 3 2 7 7 9 2 8 4 9 3 5 0 6 5 0 9 1 3 2 6 9 5 1 2 5 6 1 8 9 2 3 3 6 0 2 6 2 1 0 4 6 7 4 4 3 7 6 6 0 8 2 9 5 5 2 2 1 3 1 1 8 6 4 4 8 6 0 3 9 2 7 8 2 1 4 5 8 0 3 0 1 7 0 6 2 4 9 4 9 2 7 7 0 1 2 8 9 4 1 1 7 8 1 9 2 5 6 2 8 1 3 9 8 3 7 0 9 6 6 8 0 3 6 0 6 0 1 8 4 2 9 3 3 0 4 5 7 2 7 5 3 0 6 1 5 4 4 4 2 0 3 5 6 1 5 2 1 6 0 5 1 1 1 6 1 5 1 1 8 0 8 3 3 5 7 0 1 1 5 3 3 0 0 9 3 6 2 4 4 2 1 7 6 2 3 7 0 6 0 0 7 9 3 2 6 2 2 7 3 9 2 9 1 3 8 4 1 2 0 7 7 2 5 3 6 0 2 8 7 3 8 6 2 4 0 8 8 2 7 2 2 9 3 3 4 1 8 5 4 0 3 1 2 0 4 1 0 6 1 9 1 0 7 3 6 7 3 4 2 0 8 4 2 1 9 6 5 9 2 1 0 7 2 4 9 8 5 1 6 9 3 8 1 0 3 7 0 9 3 2 1 4 8 3 7 7 2 2 7 6 5 9 5 7 3 4 7 1 5 4 0 8 4 1 1 9 0 1 8 5 5 0 9 3 5 9 2 7 3 1 5 9 0 0 8 6 4 6 9 0 2 9 0 8 2 1 7 4 4 6 9 9 6 1 4 3 0 9 3 3 0 8 4 3 9 3 1 3 1 0 5 3 1 6 1 3 7 8 7 2 6 6 3 4 9 8 8 9 9 1 5 9 9 1 4 0 4 5 4 5 5 1 0 6 9 3 1 7 2 0 1 8 9 6 3 8 6 3 0 5 4 5 5 5 6 1 6 3 7 2 0 4 3 1 3 3 4 4 2 8 7 5 9 6 1 4 4 8 7 4 3 3 1 0 8 0 4 6 5 1 8 5 7 2 8 0 7 5 7 9 3 4 6 4 0 7 8 6 7 7 3 3 2 4 3 1 6 7 9 1 0 8 9 8 2 7 0 9 2 7 0 8 1 6 2 3 5 3 2 3 2 5 6 5 1 1 8 8 1 7 1 1 5 2 1 7 0 2 8 4 1 0 2 5 6 7 8 2 2 0 7 4 7 3 9 9 6 9 9 7 9 2 1 4 5 4 4 7 8 4 1 0 5 4 5 3 3 5 7 5 8 4 9 5 9 1 6 6 2 7 3 1 0 6 8 5 1 4 2 9 8 5 9 5 1 6 9 4 2 6 9 2 1 1 9 0 2 6 6 4 3 2 8 5 0 6 2 1 0 6 3 8 2 4 4 3 1 3 0 5 1 9 9 2 0 8 5 4 6 3 1 2 5 9 7 8 7 2 9 7 8 4 7 2 9 1 8 2 6 8 9 0 7 8 2 0 6 7 6 5 3 7 7 8 8 6 8 5 8 0 4 9 4 2 1 5 5 1 7 4 9 6 4 9 4 6 9 3 6 7 8 9 7 7 9 5 3 8 3 4 0 7 3 4 9 6 0 5 8 7 9 7 6 3 6 0 1 7 5 9 5 3 0 4 0 2 9 6 2 4 0 2 2 3 6 3 9 8 0 9 8 1 7 4 6 5 6 0 5 2 9 2 7 0 6 0 2 7 6 4 2 6 8 6 1 4 1 2 5 2 2 3 3 1 7 2 8 5 2 3 9 1 7 7 3 3 9 7 1 7 3 5 5 1 3 6 8 4 0 3 6 2 6 2 5 5 6 4 2 8 9 2 1 7 1 7 2 0 4 5 7 0 2 2 3 5 0 1 0 0 6 8 5 4 2 0 1 8 6 4 6 8 6 0 5 7 7 9 
9 3 7 6 3 9 0 9 5 0 0 7 0 9 5 5 3 0 8 7 8 4 1 7 2 7 7 9 6 6 9 5 9 8 3 5 7 3 4 2 3 6 9 3 5 7 1 1 7 9 8 7 3 9 4 8 8 3 7 6 1 8 1 1 6 4 6 4 7 2 8 2 8 0 5 6 7 8 7 6 7 7 3 1 8 0 1 8 5 8 4 7 9 7 0 5 1 8 1 0 0 0 2 8 2 9 6 1 8 3 7 7 2 2 0 0 4 1 8 2 0 2 9 9 9 1 6 2 9 8 4 1 0 6 1 2 8 8 3 8 3 2 5 6 6 6 6 1 7 5 5 9 9 6 0 9 7 7 3 8 7 8 9 7 6 0 1 4 0 6 2 4 0 0 0 6 6 6 9 3 3 4 3 3 0 3 4 9 2 7 7 9 7 8 8 4 1 9 8 1 5 3 7 7 3 7 4 1 6 5 4 9 2 9 2 4 5 8 4 7 8 3 9 5 4 7 9 5 9 0 8 6 5 6 4 0 5 0 1 1 5 7 1 7 7 5 2 4 4 8 3 2 1 2 9 7 2 9 4 1 1 3 7 6 1 1 6 6 1 9 0 9 6 1 6 5 6 0 9 2 8 3 6 2 7 6 9 9 5 6 0 8 1 0 4 2 3 2 0 5 1 0 4 7 3 2 3 2 3 4 4 3 7 1 7 7 9 9 6 6 5 9 4 6 9 8 0 4 2 2 9 5 3 5 4 8 0 9 0 5 4 5 0 3 8 8 0 7 7 9 3 4 0 9 0 1 7 0 5 1 4 7 6 7 2 2 6 4 2 8 9 6 5 0 1 3 0 4 2 7 3 7 1 5 6 3 6 5 5 1 6 9 8 4 9 3 7 7 9 1 5 1 7 1 1 0 6 1 4 9 0 9 8 3 4 5 8 2 2 3 6 1 2 6 5 3 9 4 0 1 5 8 2 4 9 5 7 5 8 1 6 8 3 5 3 9 2 1 2 4 6 8 5 0 4 3 4 6 9 4 7 7 2 1 1 3 6 0 1 4 2 7 4 7 4 7 6 6 0 0 3 6 8 8 6 5 3 0 3 3 7 2 0 1 3 3 5 9 4 8 3 8 7 7 5 2 6 3 0 6 4 3 4 4 4 0 9 7 3 4 0 0 6 2 3 9 6 0 0 2 8 3 0 6 2 7 8 0 0 8 8 4 4 2 1 8 5 2 5 8 7 8 0 3 2 3 5 0 4 5 2 2 1 4 0 5 1 0 6 2 1 6 8 5 9 1 3 6 4 0 4 1 0 4 6 5 9 3 5 3 9 0 8 2 4 8 7 8 9 5 0 0 4 0 7 3 2 2 1 6 2 5 9 5 1 7 2 0 1 7 6 2 9 4 6 4 4 5 2 5 1 4 7 5 6 4 0 8 6 3 6 1 8 7 8 1 5 0 3 8 7 9 2 9 5 0 3 2 5 7 7 8 3 7 5 9 1 7 0 0 0 6 1 0 6 9 1 3 1 5 3 0 6 5 9 4 5 2 6 2 1 5 1 4 2 6 6 6 6 6 8 6 4 9 7 0 0 0 3 1 5 6 1 4 3 1 8 8 5 6 3 9 3 4 5 8 2 1 4 8 7 2 7 2 3 4 4 5 4 8 8 2 4 9 8 8 2 6 8 0 4 3 1 7 7 6 5 2 0 1 2 9 5 9 3 0 5 8 5 2 6 3 6 2 5 4 2 9 2 1 1 6 4 2 5 4 9 3 8 9 4 2 0 2 2 4 2 9 2 0 1 0 5 7 2 0 3 5 2 5 8 3 3 2 6 9 8 7 2 6 8 8 9 8 2 3 2 5 4 4 7 8 4 2 7 9 5 1 4 7 8 2 0 2 6 8 1 5 5 5 3 5 3 4 4 6 9 8 3 6 5 2 4 1 4 3 0 1 4 6 8 3 8 1 5 7 9 8 4 7 3 9 4 8 4 8 6 5 9 1 1 4 3 7 7 0 1 8 1 7 4 0 2 5 3 9 4 2 7 8 1 2 7 6 1 3 6 9 9 7 1 2 1 4 2 9 4 3 9 8 2 5 8 7 2 1 6 6 5 6 6 9 0 4 7 3 7 5 3 8 3 4 3 6 0 5 5 7 0 6 5 2 2 5 1 6 6 0 3 3 6 9 4 8 5 1 2 5 7 7 3 0 1 6 6 3 1 4 0 1 2 5 6 6 0 9 3 8 9 8 
4 7 9 8 6 5 2 8 2 9 5 5 1 8 4 9 1 7 5 4 1 8 1 9 4 2 8 9 2 8 7 8 5 7 7 1 4 9 1 6 0 8 3 3 8 7 2 2 7 8 6 8 8 7 7 2 1 5 2 6 3 1 4 9 0 3 2 6 4 4 2 4 4 8 9 3 7 2 5 4 2 1 2 2 0 9 4 2 7 8 0 0 2 4 1 2 8 6 9 2 2 3 9 6 1 8 9 9 2 6 5 6 9 8 8 0 9 5 4 6 5 4 9 7 0 2 2 0 8 1 5 2 4 4 9 8 4 0 9 9 7 4 5 6 4 6 6 4 1 2 2 8 6 3 6 7 8 0 9 8 1 4 1 7 0 0 7 5 0 6 6 9 3 3 6 7 9 2 3 2 7 8 1 3 3 9 2 3 9 2 2 2 8 5 1 9 7 9 6 9 7 2 9 0 7 5 0 7 9 5 1 6 5 4 2 9 5 6 4 4 8 8 8 7 3 0 8 0 9 4 0 8 8 1 9 5 6 1 4 7 6 6 4 4 0 8 5 6 4 9 2 3 8 3 2 1 3 2 4 4 6 6 2 4 7 3 9 5 6 6 2 5 2 8 9 4 6 4 2 1 5 7 6 3 0 0 7 5 2 3 1 8 9 5 4 6 1 5 3 7 1 5 2 3 4 3 0 2 9 2 3 5 1 9 0 1 1 7 8 3 0 9 1 1 5 7 9 6 3 2 5 4 8 8 0 4 3 2 8 3 4 2 8 8 3 8 9 5 8 0 8 0 9 2 2 6 9 1 4 4 4 0 1 4 0 3 0 3 5 8 6 1 2 6 9 8 5 1 3 5 1 3 5 2 7 7 9 9 1 3 3 5 5 6 1 5 9 3 9 4 1 5 6 6 4 7 4 9 8 9 6 9 2 1 2 2 1 3 1 2 8 6 9 4 3 0 9 4 5 0 9 6 8 7 4 2 4 8 3 5 7 9 6 2 2 8 4 3 3 7 7 2 5 6 8 8 8 9 3 3 0 4 2 8 3 6 2 7 7 5 4 6 4 1 0 8 1 6 2 5 3 1 9 9 8 7 9 8 6 4 4 8 0 8 6 3 6 8 3 3 5 7 2 1 8 2 0 0 9 4 7 4 5 6 5 5 5 5 6 3 1 0 2 2 8 0 5 4 1 8 0 6 6 2 8 6 4 0 6 5 4 5 0 1 1 5 7 6 2 5 0 4 5 4 6 5 4 3 9 5 2 1 2 0 3 2 8 0 4 7 7 8 2 7 1 4 5 0 2 7 5 4 3 0 8 1 7 5 5 9 0 9 0 4 1 6 8 9 8 2 6 5 0 1 5 4 5 0 4 9 9 0 6 3 2 6 4 0 1 1 9 4 2 1 8 3 7 7 5 5 9 1 3 2 2 8 6 9 8 0 1 9 2 9 2 5 5 9 7 9 2 8 3 5 9 1 8 9 0 3 6 2 7 9 4 1 7 2 3 7 4 4 7 7 5 1 4 2 2 1 1 5 9 4 0 0 8 8 9 0 4 6 2 1 7 8 4 7 0 7 4 7 3 3 4 8 7 8 1 9 1 4 4 2 1 4 2 1 5 4 1 9 2 6 2 9 4 6 6 7 4 3 4 9 8 8 0 5 8 1 5 1 7 9 3 8 6 7 9 1 1 1 0 5 7 2 5 3 0 3 0 6 6 6 6 7 6 6 2 6 9 9 7 6 1 2 5 7 0 6 8 3 7 0 1 6 4 6 2 4 1 2 1 0 1 9 7 7 7 9 4 8 1 1 4 2 6 1 9 8 0 7 1 7 9 4 6 3 0 8 7 2 2 0 2 3 9 1 3 8 2 7 6 3 0 3 5 6 4 6 4 4 5 8 4 4 2 2 7 5 2 5 9 6 7 3 0 7 4 5 5 6 2 4 2 2 7 7 1 3 6 5 0 1 5 6 6 8 8 3 3 0 0 4 6 8 7 8 7 1 5 4 9 7 8 1 2 5 1 3 1 7 0 1 0 6 7 6 4 5 2 9 7 2 5 5 2 2 6 9 5 1 6 6 1 4 8 3 2 1 8 3 0 8 4 0 4 3 9 0 8 1 1 7 5 6 4 8 0 0 9 5 4 5 2 5 2 2 0 6 5 8 9 5 8 5 7 3 0 6 5 0 7 9 7 3 7 1 3 8 4 2 5 8 0 7 5 4 1 5 0 8 5 1 5 3 8 3 8 8 
1 4 8 9 5 7 4 2 8 9 0 4 3 6 4 5 5 9 9 7 6 9 5 1 2 3 7 0 6 5 8 7 1 8 8 6 5 4 9 6 5 1 0 9 7 5 4 3 6 4 2 5 5 9 6 0 2 5 0 0 1 1 0 2 9 0 9 7 5 0 3 0 1 5 1 9 2 6 4 1 2 8 6 9 9 4 9 4 0 2 6 1 3 6 5 4 7 4 3 4 6 6 6 8 4 8 9 6 6 5 7 0 3 3 1 4 8 1 0 0 5 7 1 0 3 6 4 2 3 8 6 9 6 5 9 0 3 8 9 1 3 8 1 6 2 2 3 2 5 3 4 0 0 5 0 6 3 7 8 8 7 7 0 5 2 9 8 7 8 7 8 1 5 9 0 9 3 3 3 9 8 7 1 9 4 4 7 8 1 7 8 8 6 8 5 0 8 3 7 6 0 7 9 8 8 9 7 2 4 3 3 3 0 4 4 5 8 3 5 1 0 3 1 7 2 7 7 0 0 7 8 3 4 7 1 3 9 0 5 3 3 8 8 6 4 2 1 3 5 6 6 8 9 8 5 3 5 4 5 5 1 3 0 6 1 1 9 0 4 4 5 9 4 4 5 8 8 6 3 6 4 0 4 6 8 9 9 5 5 7 0 7 0 1 3 3 4 2 5 8 8 1 0 2 7 5 2 5 4 8 1 8 0 7 6 8 8 8 3 4 5 5 1 5 8 4 1 3 8 6 3 6 7 3 0 6 1 2 2 5 2 5 3 2 3 0 2 1 0 5 5 5 3 6 0 1 2 1 6 0 0 2 8 9 7 8 6 8 3 8 3 5 5WARNING: Do not call CUDA memory allocation in nvbit_at_ctx_init(). It will cause deadlocks. Do them in nvbit_tool_init(). If you encounter deadlocks, remove CUDA API calls to debug.
 9 0 8 1 2 2 1 8 7 6 3 6 8 6 0 2 5 3 2 7 1 1 6 2 7 5 5 7 0 2 3 9 2 1 2 7 3 3 7 3 1 0 1 0 6 1 4 1 4 6 0 8 9 7 0 7 2 7 6 4 1 9 6 6 3 8 3 6 4 0 1 5 0 2 7 8 6 1 2 2 9 2 0 9 9 2 8 3 1 4 0 3 4 6 9 7 4 4 5 8 4 7 6 6 1 3 6 9 7 8 2 6 1 4 5 2 7 3 8 8 0 8 1 4 4 2 3 0 8 8 9 2 7 7 0 1 0 7 0 7 5 2 4 8 7 1 1 6 7 1 4 7 9 8 3 5 2 6 5 1 6 4 5 6 3 6 7 4 5 9 3 0 4 9 9 3 1 2 9 0 3 5 7 4 5 2 9 0 8 4 3 6 1 8 2 4 6 9 0 1 9 4 2 3 3 3 6 6 7 7 6 0 2 3 6 0 5 5 0 5 9 3 2 2 3 6 7 0 6 7 3 7 3 7 2 7 2 0 3 9 9 0 1 3 5 7 3 3 2 5 0 4 0 2 8 4 1 7 6 7 7 9 6 0 9 0 7 1 2 3 1 1 3 2 6 0 2 0 3 6 7 4 0 8 8 1 2 9 8 0 8 5 1 6 6 0 8 5 2 0 8 5 3 1 7 0 4 9 2 7 6 9 3 8 9 4 1 3 5 0 3 4 7 5 2 5 7 1 1 9 3 9 4 9 3 4 9 7 5 3 6 3 4 0 4 4 6 5 7 1 5 3 5 5 0 0 0 7 1 1 9 6 3 3 5 8 9 6 5 5 1 3 8 6 5 2 2 1 0 9 3 7 4 0 2 4 0 3 2 3 4 1 2 9 6 7 7 8 6 2 3 7 8 3 5 3 8 7 5 8 9 0 5 3 0 0 0 1 3 2 6 9 5 8 9 3 8 6 1 4 1 6 3 9 2 9 4 2 6 9 2 5 9 9 1 2 9 1 3 2 5 1 2 0 2 3 5 0 9 9 6 2 5 9 3 9 8 8 1 7 7 3 2 9 3 5 1 2 6 6 7 1 9 1 3 1 4 9 3 5 8 9 8 5 1 1 5 1 1 6 8 9 2 3 0 7 8 1 1 5 9 8 8 8 1 2 0 5 1 3 3 1 5 3 6 6 6 3 7 8 0 6 9 4 1 9 1 9 0 2 6 1 3 5 9 6 7 1 2 0 5 7 3 2 0 9 8 6 3 7 6 5 5 5 1 6 4 2 6 6 6 4 7 1 9 7 8 8 8 2 8 5 9 1 7 1 3 7 9 8 7 6 5 2 1 6 1 8 8 9 4 6 3 4 0 3 3 8 1 3 2 2 9 3 5 8 6 0 8 5 8 7 3 3 9 7 1 
0 5 9 1 1 8 5 5 8 0 0 8 3 4 2 5 5 5 3 5 3 3 3 8 4 0 4 9 2 1 1 4 8 2 6 9 2 3 7 2 3 7 2 6 3 4 2 8 1 7 4 4 2 9 5 8 2 9 8 6 2 1 0 0 5 8 1 8 1 0 2 4 0 5 1 3 1 5 2 3 4 8 9 6 9 6 5 1 5 5 7 9 8 0 1 3 0 5 3 2 5 6 8 7 3 9 1 4 6 5 9 0 5 9 7 4 7 4 8 5 1 5 4 9 7 6 4 8 3 8 2 0 6 0 8 9 0 1 3 8 6 5 9 1 6 8 7 3 4 5 8 5 3 3 4 0 1 8 0 4 8 2 4 4 3 4 5 5 5 1 3 1 6 2 4 2 2 4 5 6 9 6 1 2 9 7 5 2 8 5 8 8 8 4 3 3 9 0 8 6 1 1 0 7 6 6 1 0 0 9 7 0 5 0 4 6 0 1 0 8 7 8 6 7 4 1 0 5 2 0 2 3 3 2 3 9 8 4 0 9 3 9 1 0 9 7 6 9 9 6 9 8 6 8 7 1 9 9 6 3 9 0 9 2 2 2 4 3 8 6 2 4 5 5 4 6 2 3 8 3 9 7 1 6 5 8 9 7 7 7 0 8 8 9 1 2 3 7 5 2 3 9 8 8 4 2 6 9 5 4 2 7 4 6 5 9 6 4 8 6 1 1 4 1 0 7 4 6 4 9 0 7 9 8 7 5 0 4 6 8 0 9 7 4 7 2 6 3 6 4 9 9 5 6 3 8 3 7 4 0 8 4 9 9 2 9 7 4 5 3 4 5 4 3 0 1 5 6 7 3 2 6 5 8 4 8 8 0 7 4 2 7 8 1 7 2 2 6 8 7 9 5 3 4 8 5 7 6 1 4 9 3 3 4 3 7 4 1 7 1 5 9 9 5 3 8 9 5 4 0 5 3 7 8 9 7 3 7 3 6 1 3 9 6 9 5 4 4 6 3 7 4 5 6 1 0 6 3 5 0 3 2 6 2 0 7 9 5 4 3 1 8 8 3 4 7 8 0 3 6 4 1 2 1 9 6 1 6 9 8 6 4 1 4 6 3 2 5 9 8 0 2 6 8 7 3 6 7 3 9 4 9 0 8 0 0 4 1 8 3 0 4 9 1 1 5 4 3 3 5 1 3 8 0 2 7 3 8 5 6 9 1 6 2 9 8 4 6 0 2 1 2 8 1 5 9 8 1 4 1 7 8 5 7 8 7 4 1 7 1 9 8 2 7 2 4 6 6 2 8 0 3 0 1 6 5 2 5 8 7 6 5 7 3 4 5 2 1 8 1 2 7 0 7 7 2 3 3 1 5 1 3 8 3 4 7 0 7 2 8 6 0 6 3 4 2 0 8 3 8 0 8 7 2 7 4 6 0 9 7 5 2 3 5 5 7 2 7 6 6 8 2 7 4 7 3 8 7 1 2 7 3 2 5 5 9 1 2 1 1 9 6 3 2 1 1 2 4 8 8 0 8 3 9 2 0 2 1 0 6 5 7 9 9 4 5 0 6 9 1 7 8 7 2 3 0 3 7 4 4 7 7 2 0 8 7 3 1 0 3 9 7 2 0 8 7 7 8 3 6 9 2 7 8 4 2 8 0 9 5 4 6 4 8 9 2 7 2 5 7 7 4 6 1 7 4 8 4 2 3 1 3 5 8 3 0 0 2 2 1 9 6 9 3 6 8 7 4 2 3 3 9 9 0 3 6 6 1 3 1 7 4 4 2 4 8 4 6 2 6 9 3 4 8 6 3 7 5 9 9 8 2 1 0 4 4 8 3 7 1 4 4 7 0 9 1 0 5 9 2 2 8 5 8 7 3 1 6 1 0 7 9 5 8 1 1 4 0 4 4 1 8 0 9 9 9 2 9 5 2 4 9 0 1 9 9 7 1 5 8 3 3 9 0 3 1 2 0 1 8 6 2 9 6 3 8 6 6 9 3 0 5 4 2 9 3 2 6 6 9 6 0 4 5 2 8 6 6 0 7 5 6 2 4 2 7 4 0 3 5 5 3 1 9 8 0 3 0 8 9 9 4 1 4 9 4 4 8 0 6 7 5 2 9 1 6 9 5 7 2 1 2 8 4 4 6 4 7 8 2 8 9 8 0 5 7 4 9 7 6 7 5 4 9 6 5 6 5 1 5 0 4 7 8 8 1 6 4 0 4 8 9 3 6 9 9 5 5 0 3 
pyramidHeight: 5
gridSize: [1000]
border:[5]
blockSize: 256
blockGrid:[5]
targetBlock:[246]
Writing results to /home/hjs/dev/accel-sim/accel-sim-framework/hw_run/traces/device-0/12.1/pathfinder-rodinia-2.0-ft/1000_20_5___data_result_1000_20_5_txt/traces//kernel-1-ctx_0x564467372c30.trace.xz
Writing results to /home/hjs/dev/accel-sim/accel-sim-framework/hw_run/traces/device-0/12.1/pathfinder-rodinia-2.0-ft/1000_20_5___data_result_1000_20_5_txt/traces//kernel-2-ctx_0x564467372c30.trace.xz
Writing results to /home/hjs/dev/accel-sim/accel-sim-framework/hw_run/traces/device-0/12.1/pathfinder-rodinia-2.0-ft/1000_20_5___data_result_1000_20_5_txt/traces//kernel-3-ctx_0x564467372c30.trace.xz
Writing results to /home/hjs/dev/accel-sim/accel-sim-framework/hw_run/traces/device-0/12.1/pathfinder-rodinia-2.0-ft/1000_20_5___data_result_1000_20_5_txt/traces//kernel-4-ctx_0x564467372c30.trace.xz
5 4 5 7 0 3 0 8 2 2 6 3 8 9 7 5 9 0 6 9 5 0 1 5 9 4 4 3 9 9 0 4 3 7 3 6 0 5 6 4 7 3 9 5 4 9 0 3 9 9 5 4 1 6 9 2 1 6 5 2 5 7 8 0 6 1 8 7 6 5 1 5 0 3 2 4 2 5 8 1 6 5 7 7 3 9 0 6 5 7 8 0 7 8 2 3 1 1 2 9 6 6 4 6 9 9 2 1 4 2 4 0 7 1 9 1 2 9 7 7 9 8 9 6 6 2 1 8 3 4 7 9 0 4 7 1 5 9 2 1 2 8 1 1 9 2 4 2 4 2 1 3 2 1 1 8 3 4 8 6 8 8 7 0 4 4 1 9 5 5 0 9 3 3 3 5 7 7 9 1 1 0 4 3 3 7 4 6 2 4 4 2 4 1 5 0 7 6 9 5 2 1 6 7 6 9 2 4 7 3 5 0 4 2 6 9 1 0 6 3 6 0 8 1 4 3 1 1 1 3 8 5 6 5 3 5 4 7 9 3 1 6 4 7 8 0 6 0 2 4 5 8 5 5 1 1 8 5 2 0 0 3 5 8 8 0 3 2 8 2 6 1 9 2 0 9 2 6 1 6 1 9 6 8 4 0 9 5 7 3 7 7 6 4 5 6 5 1 9 5 3 7 8 4 9 8 6 3 4 9 1 7 8 7 7 5 7 8 2 6 2 9 3 0 3 1 7 0 2 8 5 7 7 3 4 6 3 0 1 8 1 4 7 2 1 5 7 1 3 1 7 7 0 3 0 5 6 9 6 0 7 3 9 4 9 3 2 2 5 5 2 7 9 0 1 2 7 8 5 2 1 5 0 1 0 2 8 6 1 4 8 8 0 7 4 9 3 8 3 0 3 6 9 4 8 0 6 7 0 2 9 1 9 9 2 9 3 1 7 4 7 5 4 7 4 0 8 7 8 4 0 1 2 9 7 2 0 4 9 0 8 8 2 7 0 6 8 3 9 5 8 9 2 4 8 6 5 9 6 3 3 8 7 7 7 4 9 7 0 8 0 0 6 2 9 8 0 7 2 0 4 2 1 6 6 9 5 3 8 3 9 3 1 8 0 8 4 9 8 5 7 8 7 6 0 7 4 2 6 8 4 1 0 5 7 9 5 4 4 3 7 3 7 8 3 9 9 8 9 7 5 8 5 2 4 7 1 1 9 8 9 4 9 2 1 8 3 6 3 7 2 2 3 1 3 6 0 2 4 1 1 1 0 8 4 4 5 5 7 6 5 7 2 4 1 4 5 4 2 0 3 6 2 6 7 5 5 0 9 1 1 2 3 1 0 9 8 7 6 5 6 2 4 0 8 7 6 3 3 9 3 7 7 8 5 7 5 2 9 7 4 0 9 7 4 2 8 4 1 4 1 7 6 8 0 7 5 6 0 9 7 6 6 5 6 3 4 1 6 3 0 0 3 0 9 9 4 7 3 5 3 7 5 0 5 5 9 0 3 9 9 1 7 7 8 5 3 2 9 9 5 9 1 0 1 2 2 5 1 7 3 4 4 8 6 9 3 5 2 8 7 3 9 6 1 9 2 4 1 1 5 8 2 6 9 4 8 3 9 1 0 2 5 5 2 2 6 7 9 8 6 6 2 5 3 5 5 7 1 8 8 6 7 2 4 8 6 4 1 6 5 3 0 0 8 3 4 7 0 4 5 6 2 9 4 7 4 1 4 5 1 4 3 8 7 7 8 3 1 1 1 6 5 4 9 5 9 5 2 9 1 0 8 4 9 4 1 6 7 8 3 8 2 7 7 9 4 7 5 8 9 8 4 6 2 5 3 1 3 8 3 4 8 3 8 9 7 2 7 6 0 1 4 4 8 3 4 4 1 1 2 2 9 9 0 2 6 3 5 9 1 8 4 1 3 4 3 0 6 2 6 8 3 3 3 3 6 9 0 7 0 2 1 1 3 1 5 0 7 1 1 0 1 7 4 5 2 7 7 0 9 6 9 5 9 4 0 5 3 0 5 5 5 8 6 0 2 4 2 9 7 4 1 8 1 5 5 5 4 3 6 6 1 7 1 0 1 3 7 6 4 4 3 1 3 1 1 7 5 6 8 2 2 9 3 3 5 8 9 1 3 7 7 4 6 8 6 7 2 6 5 8 0 0 1 5 1 4 2 7 0 0 1 2 2 4 8 9 5 9 0 0 6 8 7 2 8 3 1 0 1 8 0 4 8 1 9 9 8 4 
12 17 21 13 13 20 17 17 20 12 12 20 15 16 14 17 17 17 15 17 15 15 15 20 16 12 16 16777224 14 13 13 16 20 14 18 21 14 15 19 14 15 19 14 18 15 16 14 20 13 19 16 16 14 21 17 20 14 21 20 16777221 14 13 12 12 17 20 13 20 13 12 14 16 12 17 13 15 13 17 14 15 16 20 21 18 21 18 17 13 17 17 19 16777224 20 12 13 15 12 17 15 14 17 18 20 19 15 21 13 16 18 17 21 12 17 21 19 16 19 16 20 17 13 17 16 16777224 19 18 16 20 15 20 14 12 18 12 20 21 12 13 15 20 18 17 21 13 18 20 19 15 16 17 20 17 15 15 16 16777215 13 20 12 16 20 14 16 16 15 16 17 17 17 13 15 13 18 14 16 14 14 16 17 18 21 18 13 14 21 19 17 16777217 20 17 20 20 20 16 15 15 21 12 20 18 13 13 12 19 18 18 13 12 12 21 19 12 17 12 16 18 12 13 12 1048583 19 20 18 19 16 13 12 17 14 12 14 15 15 14 15 21 20 16 12 21 15 21 13 12 21 19 18 21 21 18 21 20 18 20 19 13 21 21 18 15 21 12 21 14 14 14 16 15 20 18 14 16 17 17 16 16777221 14 15 20 15 21 19 13 18 17 20 21 19 19 19 12 20 20 21 13 14 15 19 17 14 15 21 20 20 16 14 18 16777224 17 16 14 19 16 18 17 21 18 16 20 18 13 13 16 13 12 19 16 18 16 21 12 19 21 20 19 17 12 16 18 16777223 12 21 19 16 19 14 18 15 18 16 21 21 17 18 15 20 15 19 16 12 20 16 21 21 14 21 19 16 17 15 16 16777220 16 15 12 13 17 18 19 15 14 18 17 20 16 20 20 12 19 16 14 19 20 13 19 14 14 18 20 19 21 17 15 16777219 20 17 19 18 13 16 21 15 15 16 15 19 16 13 19 13 17 21 21 17 15 20 21 17 16 12 17 15 19 20 21 16777222 15 19 15 18 13 15 21 18 21 17 16 16 18 15 19 16 17 18 13 12 18 15 17 12 15 14 18 14 12 19 21 1048580 16 15 13 20 20 15 16 19 20 12 15 18 16 13 14 13 21 18 13 18 21 20 18 16 13 16 18 15 14 17 21 20 12 14 18 20 19 15 18 19 15 21 16 21 12 20 12 12 16 13 20 15 12 16 21 16777216 13 17 16 15 15 17 13 15 20 12 14 19 15 20 17 18 21 13 18 14 21 20 16 18 12 14 13 14 20 13 17 16777224 20 13 16 13 19 20 17 19 20 19 16 13 19 13 21 20 14 19 14 16 18 18 14 20 12 15 12 13 18 17 14 16777220 20 19 18 17 19 15 16 17 14 13 20 13 14 19 12 19 19 14 15 15 13 17 13 15 20 15 16 19 12 19 14 16777223 18 12 18 15 16 14 12 20 15 20 12 20 19 14 19 16 18 12 21 19 17 14 15 17 17 19 14 19 18 18 20 16777217 19 16 19 15 20 19 13 14 19 15 14 17 17 21 13 14 13 13 21 18 15 14 13 13 14 16 20 20 12 20 15 16777224 14 12 14 13 12 18 17 19 21 21 16 17 12 18 21 13 19 20 19 14 15 12 15 19 16 16 19 19 14 12 20 1048582 15 13 12 15 21 19 14 12 20 19 19 20 15 18 21 14 19 20 16 14 20 12 21 17 16 18 16 20 21 14 19 14 17 19 19 16 18 13 19 16 20 16 14 15 13 15 17 20 15 12 12 14 14 13 21 16777221 21 15 18 20 19 16 14 15 15 21 21 12 15 18 18 13 15 13 19 16 16 14 16 20 16 18 14 18 21 15 16 16777223 18 15 19 17 21 21 20 14 13 12 16 16 20 15 19 13 16 16 19 12 21 13 12 17 21 14 14 20 17 20 19 16777218 13 18 13 12 19 21 17 20 13 13 16 12 16 16 13 20 12 21 21 21 14 21 17 14 16 21 12 13 21 21 19 16777216 17 20 15 15 21 12 15 13 14 12 13 20 18 14 21 18 15 20 18 18 21 15 12 17 16 14 21 15 14 18 18 16777224 18 12 16 17 14 20 18 18 12 19 17 18 14 16 14 19 16 12 15 17 17 15 13 21 20 12 15 12 20 21 21 16777219 13 16 21 16 16 20 12 18 19 17 14 21 13 18 21 17 19 14 13 14 20 16 16 18 16 19 20 14 20 21 20 1048575 17 19 16 21 19 18 19 17 16 21 18 17 18 17 13 17 12 16 19 20 20 13 18 16 12 16 20 21 15 18 21 21 17 17 12 15 

FAILED
Processing file /home/hjs/dev/accel-sim/accel-sim-framework/hw_run/traces/device-0/12.1/pathfinder-rodinia-2.0-ft/1000_20_5___data_result_1000_20_5_txt/traces/kernel-1-ctx_0x564467372c30.trace.xz
Processing file /home/hjs/dev/accel-sim/accel-sim-framework/hw_run/traces/device-0/12.1/pathfinder-rodinia-2.0-ft/1000_20_5___data_result_1000_20_5_txt/traces/kernel-2-ctx_0x564467372c30.trace.xz
Processing file /home/hjs/dev/accel-sim/accel-sim-framework/hw_run/traces/device-0/12.1/pathfinder-rodinia-2.0-ft/1000_20_5___data_result_1000_20_5_txt/traces/kernel-3-ctx_0x564467372c30.trace.xz
Processing file /home/hjs/dev/accel-sim/accel-sim-framework/hw_run/traces/device-0/12.1/pathfinder-rodinia-2.0-ft/1000_20_5___data_result_1000_20_5_txt/traces/kernel-4-ctx_0x564467372c30.trace.xz
Matrix size: 128x128

------------- NVBit (NVidia Binary Instrumentation Tool v1.7.6) Loaded --------------
NVBit core environment variables (mostly for nvbit-devs):
ACK_CTX_INIT_LIMITATION = 0 - if set, no warning will be printed for nvbit_at_ctx_init()
            NVDISASM = nvdisasm - override default nvdisasm found in PATH
            NOBANNER = 0 - if set, does not print this banner
       NO_EAGER_LOAD = 0 - eager module loading is turned on by NVBit to prevent potential NVBit tool deadlock, turn it off if you want to use the lazy module loading feature
---------------------------------------------------------------------------------
         INSTR_BEGIN = 0 - Beginning of the instruction interval where to apply instrumentation
           INSTR_END = 4294967295 - End of the instruction interval where to apply instrumentation
    EXCLUDE_PRED_OFF = 1 - Exclude predicated off instruction from count
      TRACE_LINEINFO = 0 - Include source code line info at the start of each traced line. The target binary must be compiled with -lineinfo or --generate-line-info
DYNAMIC_KERNEL_RANGE =  - Specify kernel IDs or ranges to trace. Format:
  - Single ID:       "2" traces only kernel 2.
  - Range:           "5-8" traces kernels 5 through 8 (inclusive).
  - Open-ended:      "10-" traces from kernel 10 onward.
  - Multiple ranges: "2 5-8 10-" (space-separated).
  - With regex:      "5-8@kernel_a.*,kernel_b.*" traces kernels 5–8 with matching names.
If unset or empty, all kernels will be traced from the beginning.
   ACTIVE_FROM_START = 1 - Start instruction tracing from start or wait for cuProfilerStart and cuProfilerStop. If set to 0, DYNAMIC_KERNEL_RANGE options have no effect
        TOOL_VERBOSE = 0 - Enable verbosity inside the tool
       TOOL_COMPRESS = 1 - Enable traces compression
     TOOL_TRACE_CORE = 0 - write the core id in the traces
TERMINATE_UPON_LIMIT = 0 - Stop the process once the current kernel > DYNAMIC_KERNEL_LIMIT_END
USER_DEFINED_FOLDERS = 0 - Uses the user defined folder TRACES_FOLDER path environment
 TRACE_FILE_COMPRESS = 1 - Create xz-compressed tracefile
ENABLE_SPINLOCK_FAST_FORWARD = 0 - Enable spinlock fast forwarding
SPINLOCK_ITER_TO_KEEP = 1 - Number of iterations to keep for spinlock fast forwarding
WARNING: Do not call CUDA memory allocation in nvbit_at_ctx_init(). It will cause deadlocks. Do them in nvbit_tool_init(). If you encounter deadlocks, remove CUDA API calls to debug.
srad_v2-rodinia-2.0-ft: tracer_tool.cu:661: void leave_kernel_launch(CUcontext, CUfunction): Assertion `err == cudaSuccess' failed.
run.sh：行 7: 103891 已放弃               （核心已转储） ENABLE_SPINLOCK_FAST_FORWARD=0 SPINLOCK_ITER_TO_KEEP=1 CUDA_INJECTION64_PATH=/home/hjs/dev/accel-sim/accel-sim-framework/util/tracer_nvbit/tracer_tool/tracer_tool.so /home/hjs/dev/accel-sim/gpu-app-collection/src/..//bin/12.1/release/srad_v2-rodinia-2.0-ft ./data/matrix128x128.txt 0 127 0 127 .5 2 ./data/result_matrix128x128_1_150_1_100_.5_2.txt
PARSEC Benchmark Suite
read 1024 points
------------- NVBit (NVidia Binary Instrumentation Tool v1.7.6) Loaded --------------
NVBit core environment variables (mostly for nvbit-devs):
ACK_CTX_INIT_LIMITATION = 0 - if set, no warning will be printed for nvbit_at_ctx_init()
            NVDISASM = nvdisasm - override default nvdisasm found in PATH
            NOBANNER = 0 - if set, does not print this banner
       NO_EAGER_LOAD = 0 - eager module loading is turned on by NVBit to prevent potential NVBit tool deadlock, turn it off if you want to use the lazy module loading feature
---------------------------------------------------------------------------------
         INSTR_BEGIN = 0 - Beginning of the instruction interval where to apply instrumentation
           INSTR_END = 4294967295 - End of the instruction interval where to apply instrumentation
    EXCLUDE_PRED_OFF = 1 - Exclude predicated off instruction from count
      TRACE_LINEINFO = 0 - Include source code line info at the start of each traced line. The target binary must be compiled with -lineinfo or --generate-line-info
DYNAMIC_KERNEL_RANGE =  - Specify kernel IDs or ranges to trace. Format:
  - Single ID:       "2" traces only kernel 2.
  - Range:           "5-8" traces kernels 5 through 8 (inclusive).
  - Open-ended:      "10-" traces from kernel 10 onward.
  - Multiple ranges: "2 5-8 10-" (space-separated).
  - With regex:      "5-8@kernel_a.*,kernel_b.*" traces kernels 5–8 with matching names.
If unset or empty, all kernels will be traced from the beginning.
   ACTIVE_FROM_START = 1 - Start instruction tracing from start or wait for cuProfilerStart and cuProfilerStop. If set to 0, DYNAMIC_KERNEL_RANGE options have no effect
        TOOL_VERBOSE = 0 - Enable verbosity inside the tool
       TOOL_COMPRESS = 1 - Enable traces compression
     TOOL_TRACE_CORE = 0 - write the core id in the traces
TERMINATE_UPON_LIMIT = 0 - Stop the process once the current kernel > DYNAMIC_KERNEL_LIMIT_END
USER_DEFINED_FOLDERS = 0 - Uses the user defined folder TRACES_FOLDER path environment
 TRACE_FILE_COMPRESS = 1 - Create xz-compressed tracefile
ENABLE_SPINLOCK_FAST_FORWARD = 0 - Enable spinlock fast forwarding
SPINLOCK_ITER_TO_KEEP = 1 - Number of iterations to keep for spinlock fast forwarding
WARNING: Do not call CUDA memory allocation in nvbit_at_ctx_init(). It will cause deadlocks. Do them in nvbit_tool_init(). If you encounter deadlocks, remove CUDA API calls to debug.
streamcluster-rodinia-2.0-ft: tracer_tool.cu:661: void leave_kernel_launch(CUcontext, CUfunction): Assertion `err == cudaSuccess' failed.
run.sh：行 7: 103917 已放弃               （核心已转储） ENABLE_SPINLOCK_FAST_FORWARD=0 SPINLOCK_ITER_TO_KEEP=1 CUDA_INJECTION64_PATH=/home/hjs/dev/accel-sim/accel-sim-framework/util/tracer_nvbit/tracer_tool/tracer_tool.so /home/hjs/dev/accel-sim/gpu-app-collection/src/..//bin/12.1/release/streamcluster-rodinia-2.0-ft 3 6 16 1024 1024 100 none output.txt 1 ./data/result_3_6_16_1024_1024_100_none_1.txt
Running backprop-rodinia-2.0-ft
Running bfs-rodinia-2.0-ft
Running hotspot-rodinia-2.0-ft
Running heartwall-rodinia-2.0-ft
Running lud-rodinia-2.0-ft
Running nw-rodinia-2.0-ft
Running nn-rodinia-2.0-ft
Running pathfinder-rodinia-2.0-ft
Running srad_v2-rodinia-2.0-ft
Running streamcluster-rodinia-2.0-ft
Some workloads failed. See log: /home/hjs/dev/accel-sim/accel-sim-framework/util/tracer_nvbit/25.10.27-Monday--15:12:11.csv
